Jan 20 15:44:26 localhost NetworkManager[722]: <warn> nl_recvmsgs() error: (-33) Dump inconsistency detected, interrupted
Jan 20 16:40:15 localhost kernel: [ 8604.797896] atkbd serio0: Unknown key pressed (translated set 2, code 0xf1 on isa0060/serio0).
Jan 20 16:40:15 localhost kernel: [ 8604.797903] atkbd serio0: Use 'setkeycodes e071 <keycode>' to make it known.
Jan 20 16:40:15 localhost kernel: [ 8604.808535] atkbd serio0: Unknown key released (translated set 2, code 0xf1 on isa0060/serio0).
Jan 20 16:40:15 localhost kernel: [ 8604.808543] atkbd serio0: Use 'setkeycodes e071 <keycode>' to make it known.
Jan 20 16:40:49 localhost kernel: [ 8639.531234] atkbd serio0: Unknown key pressed (translated set 2, code 0xf1 on isa0060/serio0).
Jan 20 16:40:49 localhost kernel: [ 8639.531244] atkbd serio0: Use 'setkeycodes e071 <keycode>' to make it known.
Jan 20 16:40:49 localhost kernel: [ 8639.541867] atkbd serio0: Unknown key released (translated set 2, code 0xf1 on isa0060/serio0).
Jan 20 16:40:49 localhost kernel: [ 8639.541872] atkbd serio0: Use 'setkeycodes e071 <keycode>' to make it known.
Jan 20 16:52:30 localhost kernel: [ 9338.620375] atkbd serio0: Unknown key pressed (translated set 2, code 0xf1 on isa0060/serio0).
Jan 20 16:52:30 localhost kernel: [ 9338.620382] atkbd serio0: Use 'setkeycodes e071 <keycode>' to make it known.
Jan 20 16:52:30 localhost kernel: [ 9338.633327] atkbd serio0: Unknown key released (translated set 2, code 0xf1 on isa0060/serio0).
Jan 20 16:52:30 localhost kernel: [ 9338.633335] atkbd serio0: Use 'setkeycodes e071 <keycode>' to make it known.
Jan 20 16:52:56 localhost kernel: [ 9364.760287] atkbd serio0: Unknown key pressed (translated set 2, code 0xf1 on isa0060/serio0).
Jan 20 16:52:56 localhost kernel: [ 9364.760294] atkbd serio0: Use 'setkeycodes e071 <keycode>' to make it known.
Jan 20 16:52:56 localhost kernel: [ 9364.770946] atkbd serio0: Unknown key released (translated set 2, code 0xf1 on isa0060/serio0).
Jan 20 16:52:56 localhost kernel: [ 9364.770951] atkbd serio0: Use 'setkeycodes e071 <keycode>' to make it known.
Jan 20 17:31:08 localhost gnome-keyring-daemon[9851]: couldn't access conrol socket: /run/user/1000/keyring-WpeIJk/control: No such file or directory
Jan 20 17:31:08 localhost gnome-keyring-daemon[9851]: couldn't set environment variable in session: The name org.gnome.SessionManager was not provided by any .service files
Jan 20 17:31:09 localhost gcr-prompter[9859]: Gtk: gtk_widget_get_toplevel: assertion `GTK_IS_WIDGET (widget)' failed
Jan 20 17:31:09 localhost gcr-prompter[9859]: Gtk: gtk_widget_get_toplevel: assertion `GTK_IS_WIDGET (widget)' failed
Jan 20 17:31:12 localhost gcr-prompter[9859]: Gtk: gtk_widget_get_toplevel: assertion `GTK_IS_WIDGET (widget)' failed
Jan 20 17:31:12 localhost gcr-prompter[9859]: Gtk: gtk_widget_get_toplevel: assertion `GTK_IS_WIDGET (widget)' failed
Jan 20 17:31:15 localhost NetworkManager[722]: <info> Starting VPN service 'vpnc'...
Jan 20 17:31:15 localhost NetworkManager[722]: <info> VPN service 'vpnc' started (org.freedesktop.NetworkManager.vpnc), PID 9867
Jan 20 17:31:15 localhost kernel: [11659.668556] tun: Universal TUN/TAP device driver, 1.6
Jan 20 17:31:15 localhost kernel: [11659.668564] tun: (C) 1999-2004 Max Krasnyansky <maxk@qualcomm.com>
Jan 20 17:31:15 localhost NetworkManager[722]: <info> VPN service 'vpnc' appeared; activating connections
Jan 20 17:31:17 localhost NetworkManager[722]: <info> VPN plugin state changed: starting (3)
Jan 20 17:31:17 localhost NetworkManager[722]: <info> VPN connection 'CGN Office' (Connect) reply received.
Jan 20 17:31:17 localhost NetworkManager[722]: <warn> /sys/devices/virtual/net/tun0: couldn't determine device driver; ignoring...
Jan 20 17:31:17 localhost NetworkManager[722]: <info> VPN connection 'CGN Office' (IP4 Config Get) reply received from old-style plugin.
Jan 20 17:31:17 localhost NetworkManager[722]: <info> VPN Gateway: 195.20.130.1
Jan 20 17:31:17 localhost NetworkManager[722]: <info> Tunnel Device: tun0
Jan 20 17:31:17 localhost NetworkManager[722]: <info> IPv4 configuration:
Jan 20 17:31:17 localhost NetworkManager[722]: <info>   Internal Address: 10.1.18.31
Jan 20 17:31:17 localhost NetworkManager[722]: <info>   Internal Prefix: 23
Jan 20 17:31:17 localhost NetworkManager[722]: <info>   Internal Point-to-Point Address: 10.1.18.31
Jan 20 17:31:17 localhost NetworkManager[722]: <info>   Maximum Segment Size (MSS): 0
Jan 20 17:31:17 localhost NetworkManager[722]: <info>   Static Route: 10.1.10.0/24   Next Hop: 10.1.10.0
Jan 20 17:31:17 localhost NetworkManager[722]: <info>   Static Route: 10.1.0.0/16   Next Hop: 10.1.0.0
Jan 20 17:31:17 localhost NetworkManager[722]: <info>   Forbid Default Route: yes
Jan 20 17:31:17 localhost NetworkManager[722]: <info>   Internal DNS: 10.1.1.6
Jan 20 17:31:17 localhost NetworkManager[722]: <info>   Internal DNS: 10.1.10.2
Jan 20 17:31:17 localhost NetworkManager[722]: <info>   DNS Domain: 'kyiv.cogniance.com'
Jan 20 17:31:17 localhost NetworkManager[722]: <info> No IPv6 configuration
Jan 20 17:31:18 localhost NetworkManager[722]: <info> VPN connection 'CGN Office' (IP Config Get) complete.
Jan 20 17:31:18 localhost NetworkManager[722]: <info> Policy set 'itsinternethome' (wlan0) as default for IPv4 routing and DNS.
Jan 20 17:31:18 localhost NetworkManager[722]: <info> VPN plugin state changed: started (4)
Jan 20 17:31:18 localhost dbus-daemon[681]: dbus[681]: [system] Activating service name='org.freedesktop.nm_dispatcher' (using servicehelper)
Jan 20 17:31:18 localhost dbus[681]: [system] Activating service name='org.freedesktop.nm_dispatcher' (using servicehelper)
Jan 20 17:31:18 localhost dbus-daemon[681]: dbus[681]: [system] Successfully activated service 'org.freedesktop.nm_dispatcher'
Jan 20 17:31:18 localhost dbus[681]: [system] Successfully activated service 'org.freedesktop.nm_dispatcher'
Jan 20 17:31:18 localhost dbus-daemon[681]: Failed to issue method call: Unit winbind.service is not loaded.
Jan 20 17:34:26 localhost NetworkManager[722]: <warn> nl_recvmsgs() error: (-33) Dump inconsistency detected, interrupted
Jan 20 17:42:26 localhost NetworkManager[722]: <warn> nl_recvmsgs() error: (-33) Dump inconsistency detected, interrupted
Jan 20 17:56:39 localhost avahi-daemon[678]: Withdrawing address record for 192.168.170.10 on wlan0.
Jan 20 17:56:39 localhost avahi-daemon[678]: Leaving mDNS multicast group on interface wlan0.IPv4 with address 192.168.170.10.
Jan 20 17:56:39 localhost avahi-daemon[678]: Interface wlan0.IPv4 no longer relevant for mDNS.
Jan 20 17:56:39 localhost avahi-daemon[678]: Joining mDNS multicast group on interface wlan0.IPv4 with address 192.168.170.10.
Jan 20 17:56:39 localhost avahi-daemon[678]: New relevant interface wlan0.IPv4 for mDNS.
Jan 20 17:56:39 localhost avahi-daemon[678]: Registering new address record for 192.168.170.10 on wlan0.IPv4.
Jan 20 17:56:39 localhost vpnc[9869]: udp sendto: Network is unreachable
Jan 20 17:56:39 localhost vpnc[9869]: udp sendto: Network is unreachable
Jan 20 17:56:39 localhost vpnc[9869]: udp sendto: Network is unreachable
Jan 20 17:56:39 localhost vpnc[9869]: udp sendto: Network is unreachable
Jan 20 17:56:40 localhost NetworkManager[722]: <info> Policy set 'itsinternethome' (wlan0) as default for IPv4 routing and DNS.
Jan 20 17:56:40 localhost dbus-daemon[681]: dbus[681]: [system] Activating service name='org.freedesktop.nm_dispatcher' (using servicehelper)
Jan 20 17:56:40 localhost dbus[681]: [system] Activating service name='org.freedesktop.nm_dispatcher' (using servicehelper)
Jan 20 17:56:40 localhost vpnc[9869]: select: Interrupted system call
Jan 20 17:56:40 localhost vpnc[9869]: terminated by signal: 15
Jan 20 17:56:40 localhost avahi-daemon[678]: Withdrawing workstation service for tun0.
Jan 20 17:56:40 localhost dbus-daemon[681]: dbus[681]: [system] Successfully activated service 'org.freedesktop.nm_dispatcher'
Jan 20 17:56:40 localhost dbus[681]: [system] Successfully activated service 'org.freedesktop.nm_dispatcher'
Jan 20 17:56:40 localhost lldpad[763]: netlink: 20 bytes leftover after parsing attributes.
Jan 20 17:56:40 localhost NetworkManager[722]: VPNC started in foreground...
Jan 20 17:56:40 localhost dbus-daemon[681]: Failed to issue method call: Unit winbind.service is not loaded.
Jan 20 17:56:44 localhost NetworkManager[722]: <info> VPN service 'vpnc' disappeared
Jan 20 19:30:26 localhost NetworkManager[722]: <warn> nl_recvmsgs() error: (-33) Dump inconsistency detected, interrupted
Jan 20 20:14:26 localhost NetworkManager[722]: <warn> nl_recvmsgs() error: (-33) Dump inconsistency detected, interrupted
Jan 20 20:23:40 localhost dbus-daemon[681]: dbus[681]: [system] Activating service name='net.reactivated.Fprint' (using servicehelper)
Jan 20 20:23:40 localhost dbus[681]: [system] Activating service name='net.reactivated.Fprint' (using servicehelper)
Jan 20 20:23:40 localhost dbus-daemon[681]: dbus[681]: [system] Successfully activated service 'net.reactivated.Fprint'
Jan 20 20:23:40 localhost dbus[681]: [system] Successfully activated service 'net.reactivated.Fprint'
Jan 20 20:23:40 localhost dbus-daemon[681]: Launching FprintObject
Jan 20 20:23:40 localhost dbus-daemon[681]: ** Message: D-Bus service launched with name: net.reactivated.Fprint
Jan 20 20:23:40 localhost dbus-daemon[681]: ** Message: entering main loop
Jan 20 20:24:11 localhost dbus-daemon[681]: ** Message: No devices in use, exit
Jan 20 20:40:26 localhost NetworkManager[722]: <warn> nl_recvmsgs() error: (-33) Dump inconsistency detected, interrupted
Jan 20 22:16:26 localhost NetworkManager[722]: <warn> nl_recvmsgs() error: (-33) Dump inconsistency detected, interrupted
Jan 20 22:18:26 localhost NetworkManager[722]: <warn> nl_recvmsgs() error: (-33) Dump inconsistency detected, interrupted
Jan 20 23:06:26 localhost NetworkManager[722]: <warn> nl_recvmsgs() error: (-33) Dump inconsistency detected, interrupted
Jan 20 23:51:53 localhost kernel: [34458.098212] atkbd serio0: Unknown key pressed (translated set 2, code 0xf1 on isa0060/serio0).
Jan 20 23:51:53 localhost kernel: [34458.098221] atkbd serio0: Use 'setkeycodes e071 <keycode>' to make it known.
Jan 20 23:51:53 localhost kernel: [34458.108818] atkbd serio0: Unknown key released (translated set 2, code 0xf1 on isa0060/serio0).
Jan 20 23:51:53 localhost kernel: [34458.108828] atkbd serio0: Use 'setkeycodes e071 <keycode>' to make it known.
Jan 20 23:52:18 localhost kernel: [34483.273364] atkbd serio0: Unknown key pressed (translated set 2, code 0xf1 on isa0060/serio0).
Jan 20 23:52:18 localhost kernel: [34483.273373] atkbd serio0: Use 'setkeycodes e071 <keycode>' to make it known.
Jan 20 23:52:18 localhost kernel: [34483.284006] atkbd serio0: Unknown key released (translated set 2, code 0xf1 on isa0060/serio0).
Jan 20 23:52:18 localhost kernel: [34483.284010] atkbd serio0: Use 'setkeycodes e071 <keycode>' to make it known.
Jan 20 23:52:26 localhost dbus-daemon[681]: dbus[681]: [system] Activating service name='net.reactivated.Fprint' (using servicehelper)
Jan 20 23:52:26 localhost dbus[681]: [system] Activating service name='net.reactivated.Fprint' (using servicehelper)
Jan 20 23:52:26 localhost dbus-daemon[681]: dbus[681]: [system] Successfully activated service 'net.reactivated.Fprint'
Jan 20 23:52:26 localhost dbus[681]: [system] Successfully activated service 'net.reactivated.Fprint'
Jan 20 23:52:26 localhost dbus-daemon[681]: Launching FprintObject
Jan 20 23:52:26 localhost dbus-daemon[681]: ** Message: D-Bus service launched with name: net.reactivated.Fprint
Jan 20 23:52:26 localhost dbus-daemon[681]: ** Message: entering main loop
Jan 20 23:52:56 localhost dbus-daemon[681]: ** Message: No devices in use, exit
Jan 21 00:18:29 localhost kernel: [36051.117772] iwlwifi 0000:03:00.0: fail to flush all tx fifo queues
Jan 21 00:35:18 localhost kernel: [37058.694999] iwlwifi 0000:03:00.0: fail to flush all tx fifo queues
Jan 21 00:36:28 localhost kernel: [37129.058140] iwlwifi 0000:03:00.0: fail to flush all tx fifo queues
Jan 21 00:38:28 localhost kernel: [37248.656227] iwlwifi 0000:03:00.0: fail to flush all tx fifo queues
Jan 21 00:38:30 localhost kernel: [37250.654771] iwlwifi 0000:03:00.0: fail to flush all tx fifo queues
Jan 21 00:40:28 localhost kernel: [37368.563672] iwlwifi 0000:03:00.0: fail to flush all tx fifo queues
Jan 21 00:40:30 localhost kernel: [37370.562201] iwlwifi 0000:03:00.0: fail to flush all tx fifo queues
Jan 21 00:40:32 localhost kernel: [37372.570708] iwlwifi 0000:03:00.0: fail to flush all tx fifo queues
Jan 21 00:40:34 localhost kernel: [37374.576223] iwlwifi 0000:03:00.0: fail to flush all tx fifo queues
Jan 21 00:40:36 localhost kernel: [37376.573773] iwlwifi 0000:03:00.0: fail to flush all tx fifo queues
Jan 21 00:40:38 localhost kernel: [37378.571372] iwlwifi 0000:03:00.0: fail to flush all tx fifo queues
Jan 21 00:40:40 localhost kernel: [37380.568822] iwlwifi 0000:03:00.0: fail to flush all tx fifo queues
Jan 21 00:40:42 localhost kernel: [37382.566420] iwlwifi 0000:03:00.0: fail to flush all tx fifo queues
Jan 21 00:40:44 localhost kernel: [37384.563952] iwlwifi 0000:03:00.0: fail to flush all tx fifo queues
Jan 21 00:40:46 localhost kernel: [37386.561540] iwlwifi 0000:03:00.0: fail to flush all tx fifo queues
Jan 21 00:40:48 localhost kernel: [37388.560011] iwlwifi 0000:03:00.0: fail to flush all tx fifo queues
Jan 21 00:40:50 localhost kernel: [37390.557604] iwlwifi 0000:03:00.0: fail to flush all tx fifo queues
Jan 21 00:40:52 localhost kernel: [37392.556117] iwlwifi 0000:03:00.0: fail to flush all tx fifo queues
Jan 21 00:40:54 localhost kernel: [37394.553724] iwlwifi 0000:03:00.0: fail to flush all tx fifo queues
Jan 21 00:40:56 localhost kernel: [37396.559232] iwlwifi 0000:03:00.0: fail to flush all tx fifo queues
Jan 21 00:42:28 localhost kernel: [37488.164708] iwlwifi 0000:03:00.0: fail to flush all tx fifo queues
Jan 21 00:44:28 localhost kernel: [37608.175002] iwlwifi 0000:03:00.0: fail to flush all tx fifo queues
Jan 21 00:45:49 localhost kernel: [37688.605800] iwlwifi 0000:03:00.0: fail to flush all tx fifo queues
Jan 21 00:46:28 localhost kernel: [37727.987623] iwlwifi 0000:03:00.0: fail to flush all tx fifo queues
Jan 21 00:46:42 localhost kernel: [37741.514204] iwlwifi 0000:03:00.0: fail to flush all tx fifo queues
Jan 21 00:48:28 localhost kernel: [37847.681544] iwlwifi 0000:03:00.0: fail to flush all tx fifo queues
Jan 21 00:50:28 localhost kernel: [37967.283470] iwlwifi 0000:03:00.0: fail to flush all tx fifo queues
Jan 21 00:52:28 localhost kernel: [38087.292744] iwlwifi 0000:03:00.0: fail to flush all tx fifo queues
Jan 21 00:54:28 localhost kernel: [38207.097442] iwlwifi 0000:03:00.0: fail to flush all tx fifo queues
Jan 21 00:54:30 localhost kernel: [38209.095985] iwlwifi 0000:03:00.0: fail to flush all tx fifo queues
Jan 21 00:54:32 localhost kernel: [38211.093529] iwlwifi 0000:03:00.0: fail to flush all tx fifo queues
Jan 21 00:54:34 localhost kernel: [38213.091984] iwlwifi 0000:03:00.0: fail to flush all tx fifo queues
Jan 21 00:54:36 localhost kernel: [38215.090589] iwlwifi 0000:03:00.0: fail to flush all tx fifo queues
Jan 21 00:54:38 localhost kernel: [38217.089063] iwlwifi 0000:03:00.0: fail to flush all tx fifo queues
Jan 21 00:54:40 localhost kernel: [38219.086689] iwlwifi 0000:03:00.0: fail to flush all tx fifo queues
Jan 21 00:54:42 localhost kernel: [38221.085267] iwlwifi 0000:03:00.0: fail to flush all tx fifo queues
Jan 21 00:54:44 localhost kernel: [38223.082774] iwlwifi 0000:03:00.0: fail to flush all tx fifo queues
Jan 21 00:54:46 localhost kernel: [38225.081298] iwlwifi 0000:03:00.0: fail to flush all tx fifo queues
Jan 21 00:54:48 localhost kernel: [38227.078827] iwlwifi 0000:03:00.0: fail to flush all tx fifo queues
Jan 21 00:54:50 localhost kernel: [38229.076327] iwlwifi 0000:03:00.0: fail to flush all tx fifo queues
Jan 21 00:54:52 localhost kernel: [38231.073846] iwlwifi 0000:03:00.0: fail to flush all tx fifo queues
Jan 21 00:54:54 localhost kernel: [38233.071465] iwlwifi 0000:03:00.0: fail to flush all tx fifo queues
Jan 21 00:54:56 localhost kernel: [38235.069031] iwlwifi 0000:03:00.0: fail to flush all tx fifo queues
Jan 21 00:54:58 localhost kernel: [38237.067571] iwlwifi 0000:03:00.0: fail to flush all tx fifo queues
Jan 21 00:55:00 localhost kernel: [38239.065131] iwlwifi 0000:03:00.0: fail to flush all tx fifo queues
Jan 21 00:55:02 localhost kernel: [38241.062605] iwlwifi 0000:03:00.0: fail to flush all tx fifo queues
Jan 21 00:55:04 localhost kernel: [38243.061155] iwlwifi 0000:03:00.0: fail to flush all tx fifo queues
Jan 21 00:55:06 localhost kernel: [38245.059694] iwlwifi 0000:03:00.0: fail to flush all tx fifo queues
Jan 21 00:55:08 localhost kernel: [38247.057246] iwlwifi 0000:03:00.0: fail to flush all tx fifo queues
Jan 21 00:55:10 localhost kernel: [38249.055809] iwlwifi 0000:03:00.0: fail to flush all tx fifo queues
Jan 21 00:55:12 localhost kernel: [38251.054298] iwlwifi 0000:03:00.0: fail to flush all tx fifo queues
Jan 21 00:55:14 localhost kernel: [38253.052825] iwlwifi 0000:03:00.0: fail to flush all tx fifo queues
Jan 21 00:55:16 localhost kernel: [38255.051416] iwlwifi 0000:03:00.0: fail to flush all tx fifo queues
Jan 21 00:55:18 localhost kernel: [38257.048926] iwlwifi 0000:03:00.0: fail to flush all tx fifo queues
Jan 21 00:55:20 localhost kernel: [38259.046450] iwlwifi 0000:03:00.0: fail to flush all tx fifo queues
Jan 21 00:55:22 localhost kernel: [38261.045078] iwlwifi 0000:03:00.0: fail to flush all tx fifo queues
Jan 21 00:55:24 localhost kernel: [38263.042601] iwlwifi 0000:03:00.0: fail to flush all tx fifo queues
Jan 21 00:55:26 localhost kernel: [38265.041088] iwlwifi 0000:03:00.0: fail to flush all tx fifo queues
Jan 21 00:55:28 localhost kernel: [38267.039633] iwlwifi 0000:03:00.0: fail to flush all tx fifo queues
Jan 21 00:55:30 localhost kernel: [38269.037234] iwlwifi 0000:03:00.0: fail to flush all tx fifo queues
Jan 21 00:55:32 localhost kernel: [38271.034734] iwlwifi 0000:03:00.0: fail to flush all tx fifo queues
Jan 21 00:55:34 localhost kernel: [38273.033331] iwlwifi 0000:03:00.0: fail to flush all tx fifo queues
Jan 21 00:55:36 localhost kernel: [38275.031828] iwlwifi 0000:03:00.0: fail to flush all tx fifo queues
Jan 21 00:55:38 localhost kernel: [38277.030361] iwlwifi 0000:03:00.0: fail to flush all tx fifo queues
Jan 21 00:55:40 localhost kernel: [38279.028869] iwlwifi 0000:03:00.0: fail to flush all tx fifo queues
Jan 21 00:55:42 localhost kernel: [38281.027446] iwlwifi 0000:03:00.0: fail to flush all tx fifo queues
Jan 21 00:55:44 localhost kernel: [38283.024956] iwlwifi 0000:03:00.0: fail to flush all tx fifo queues
Jan 21 00:55:46 localhost kernel: [38285.022578] iwlwifi 0000:03:00.0: fail to flush all tx fifo queues
Jan 21 00:55:48 localhost kernel: [38287.021307] iwlwifi 0000:03:00.0: fail to flush all tx fifo queues
Jan 21 00:55:50 localhost kernel: [38289.019588] iwlwifi 0000:03:00.0: fail to flush all tx fifo queues
Jan 21 00:55:52 localhost kernel: [38291.017183] iwlwifi 0000:03:00.0: fail to flush all tx fifo queues
Jan 21 00:55:54 localhost kernel: [38293.014746] iwlwifi 0000:03:00.0: fail to flush all tx fifo queues
Jan 21 00:55:56 localhost kernel: [38295.012235] iwlwifi 0000:03:00.0: fail to flush all tx fifo queues
Jan 21 00:55:58 localhost kernel: [38297.009764] iwlwifi 0000:03:00.0: fail to flush all tx fifo queues
Jan 21 00:56:00 localhost kernel: [38299.008378] iwlwifi 0000:03:00.0: fail to flush all tx fifo queues
Jan 21 00:56:02 localhost kernel: [38301.006913] iwlwifi 0000:03:00.0: fail to flush all tx fifo queues
Jan 21 00:56:04 localhost kernel: [38303.005406] iwlwifi 0000:03:00.0: fail to flush all tx fifo queues
Jan 21 00:56:06 localhost kernel: [38305.003948] iwlwifi 0000:03:00.0: fail to flush all tx fifo queues
Jan 21 00:56:08 localhost kernel: [38307.002458] iwlwifi 0000:03:00.0: fail to flush all tx fifo queues
Jan 21 00:56:10 localhost kernel: [38309.001096] iwlwifi 0000:03:00.0: fail to flush all tx fifo queues
Jan 21 00:56:12 localhost kernel: [38311.001580] iwlwifi 0000:03:00.0: fail to flush all tx fifo queues
Jan 21 00:56:14 localhost kernel: [38313.000122] iwlwifi 0000:03:00.0: fail to flush all tx fifo queues
Jan 21 00:56:16 localhost kernel: [38314.997664] iwlwifi 0000:03:00.0: fail to flush all tx fifo queues
Jan 21 00:56:18 localhost kernel: [38316.996219] iwlwifi 0000:03:00.0: fail to flush all tx fifo queues
Jan 21 00:56:20 localhost kernel: [38318.993783] iwlwifi 0000:03:00.0: fail to flush all tx fifo queues
Jan 21 00:56:22 localhost kernel: [38320.994248] iwlwifi 0000:03:00.0: fail to flush all tx fifo queues
Jan 21 00:56:24 localhost kernel: [38322.991818] iwlwifi 0000:03:00.0: fail to flush all tx fifo queues
Jan 21 00:56:26 localhost kernel: [38324.990359] iwlwifi 0000:03:00.0: fail to flush all tx fifo queues
Jan 21 00:56:28 localhost kernel: [38326.988900] iwlwifi 0000:03:00.0: fail to flush all tx fifo queues
Jan 21 00:56:31 localhost kernel: [38330.070583] iwlwifi 0000:03:00.0: fail to flush all tx fifo queues
Jan 21 00:56:33 localhost kernel: [38332.069082] iwlwifi 0000:03:00.0: fail to flush all tx fifo queues
Jan 21 00:56:35 localhost kernel: [38334.067696] iwlwifi 0000:03:00.0: fail to flush all tx fifo queues
Jan 21 00:56:37 localhost kernel: [38336.065237] iwlwifi 0000:03:00.0: fail to flush all tx fifo queues
Jan 21 00:56:39 localhost kernel: [38338.063781] iwlwifi 0000:03:00.0: fail to flush all tx fifo queues
Jan 21 00:56:41 localhost kernel: [38340.061274] iwlwifi 0000:03:00.0: fail to flush all tx fifo queues
Jan 21 00:56:43 localhost kernel: [38342.058878] iwlwifi 0000:03:00.0: fail to flush all tx fifo queues
Jan 21 00:56:45 localhost kernel: [38344.056335] iwlwifi 0000:03:00.0: fail to flush all tx fifo queues
Jan 21 00:56:47 localhost kernel: [38346.054866] iwlwifi 0000:03:00.0: fail to flush all tx fifo queues
Jan 21 00:56:49 localhost kernel: [38348.052450] iwlwifi 0000:03:00.0: fail to flush all tx fifo queues
Jan 21 00:56:51 localhost kernel: [38350.050035] iwlwifi 0000:03:00.0: fail to flush all tx fifo queues
Jan 21 00:56:53 localhost kernel: [38352.047577] iwlwifi 0000:03:00.0: fail to flush all tx fifo queues
Jan 21 00:56:55 localhost kernel: [38354.045035] iwlwifi 0000:03:00.0: fail to flush all tx fifo queues
Jan 21 00:56:57 localhost kernel: [38356.046593] iwlwifi 0000:03:00.0: fail to flush all tx fifo queues
Jan 21 00:56:59 localhost kernel: [38358.045147] iwlwifi 0000:03:00.0: fail to flush all tx fifo queues
Jan 21 00:57:01 localhost kernel: [38360.042702] iwlwifi 0000:03:00.0: fail to flush all tx fifo queues
Jan 21 00:57:03 localhost kernel: [38362.041282] iwlwifi 0000:03:00.0: fail to flush all tx fifo queues
Jan 21 00:57:05 localhost kernel: [38364.038782] iwlwifi 0000:03:00.0: fail to flush all tx fifo queues
Jan 21 00:57:07 localhost kernel: [38366.036286] iwlwifi 0000:03:00.0: fail to flush all tx fifo queues
Jan 21 00:57:09 localhost kernel: [38368.034845] iwlwifi 0000:03:00.0: fail to flush all tx fifo queues
Jan 21 00:57:11 localhost kernel: [38370.033420] iwlwifi 0000:03:00.0: fail to flush all tx fifo queues
Jan 21 00:57:13 localhost kernel: [38372.032003] iwlwifi 0000:03:00.0: fail to flush all tx fifo queues
Jan 21 00:57:15 localhost kernel: [38374.029539] iwlwifi 0000:03:00.0: fail to flush all tx fifo queues
Jan 21 00:57:17 localhost kernel: [38376.027078] iwlwifi 0000:03:00.0: fail to flush all tx fifo queues
Jan 21 00:57:19 localhost kernel: [38378.025621] iwlwifi 0000:03:00.0: fail to flush all tx fifo queues
Jan 21 00:57:21 localhost kernel: [38380.023115] iwlwifi 0000:03:00.0: fail to flush all tx fifo queues
Jan 21 00:57:23 localhost kernel: [38382.021651] iwlwifi 0000:03:00.0: fail to flush all tx fifo queues
Jan 21 00:57:25 localhost kernel: [38384.020188] iwlwifi 0000:03:00.0: fail to flush all tx fifo queues
Jan 21 00:57:27 localhost kernel: [38386.018784] iwlwifi 0000:03:00.0: fail to flush all tx fifo queues
Jan 21 00:57:29 localhost kernel: [38388.017259] iwlwifi 0000:03:00.0: fail to flush all tx fifo queues
Jan 21 00:57:31 localhost kernel: [38390.015802] iwlwifi 0000:03:00.0: fail to flush all tx fifo queues
Jan 21 00:57:33 localhost kernel: [38392.013376] iwlwifi 0000:03:00.0: fail to flush all tx fifo queues
Jan 21 00:57:35 localhost kernel: [38394.011885] iwlwifi 0000:03:00.0: fail to flush all tx fifo queues
Jan 21 00:57:37 localhost kernel: [38396.009449] iwlwifi 0000:03:00.0: fail to flush all tx fifo queues
Jan 21 00:57:39 localhost kernel: [38398.007036] iwlwifi 0000:03:00.0: fail to flush all tx fifo queues
Jan 21 00:57:41 localhost kernel: [38400.005577] iwlwifi 0000:03:00.0: fail to flush all tx fifo queues
Jan 21 00:57:43 localhost kernel: [38402.004067] iwlwifi 0000:03:00.0: fail to flush all tx fifo queues
Jan 21 00:57:45 localhost kernel: [38404.001578] iwlwifi 0000:03:00.0: fail to flush all tx fifo queues
Jan 21 00:57:47 localhost kernel: [38406.000122] iwlwifi 0000:03:00.0: fail to flush all tx fifo queues
Jan 21 00:57:49 localhost kernel: [38407.997697] iwlwifi 0000:03:00.0: fail to flush all tx fifo queues
Jan 21 00:57:51 localhost kernel: [38409.995239] iwlwifi 0000:03:00.0: fail to flush all tx fifo queues
Jan 21 00:57:53 localhost kernel: [38411.993830] iwlwifi 0000:03:00.0: fail to flush all tx fifo queues
Jan 21 00:57:55 localhost kernel: [38413.991286] iwlwifi 0000:03:00.0: fail to flush all tx fifo queues
Jan 21 00:57:57 localhost kernel: [38415.988860] iwlwifi 0000:03:00.0: fail to flush all tx fifo queues
Jan 21 00:57:59 localhost kernel: [38417.987460] iwlwifi 0000:03:00.0: fail to flush all tx fifo queues
Jan 21 00:58:01 localhost kernel: [38419.985043] iwlwifi 0000:03:00.0: fail to flush all tx fifo queues
Jan 21 00:58:03 localhost kernel: [38421.983501] iwlwifi 0000:03:00.0: fail to flush all tx fifo queues
Jan 21 00:58:05 localhost kernel: [38423.981044] iwlwifi 0000:03:00.0: fail to flush all tx fifo queues
Jan 21 00:58:07 localhost kernel: [38425.978629] iwlwifi 0000:03:00.0: fail to flush all tx fifo queues
Jan 21 00:58:09 localhost kernel: [38427.976174] iwlwifi 0000:03:00.0: fail to flush all tx fifo queues
Jan 21 00:58:28 localhost kernel: [38446.502058] iwlwifi 0000:03:00.0: fail to flush all tx fifo queues
Jan 21 00:58:43 localhost kernel: [38461.289603] atkbd serio0: Unknown key pressed (translated set 2, code 0xf1 on isa0060/serio0).
Jan 21 00:58:43 localhost kernel: [38461.289610] atkbd serio0: Use 'setkeycodes e071 <keycode>' to make it known.
Jan 21 00:58:43 localhost kernel: [38461.302606] atkbd serio0: Unknown key released (translated set 2, code 0xf1 on isa0060/serio0).
Jan 21 00:58:43 localhost kernel: [38461.302613] atkbd serio0: Use 'setkeycodes e071 <keycode>' to make it known.
Jan 21 00:59:10 localhost kernel: [38488.221132] atkbd serio0: Unknown key pressed (translated set 2, code 0xf1 on isa0060/serio0).
Jan 21 00:59:10 localhost kernel: [38488.221141] atkbd serio0: Use 'setkeycodes e071 <keycode>' to make it known.
Jan 21 00:59:10 localhost kernel: [38488.237722] atkbd serio0: Unknown key released (translated set 2, code 0xf1 on isa0060/serio0).
Jan 21 00:59:10 localhost kernel: [38488.237727] atkbd serio0: Use 'setkeycodes e071 <keycode>' to make it known.
Jan 21 01:00:28 localhost kernel: [38566.716011] iwlwifi 0000:03:00.0: fail to flush all tx fifo queues
Jan 21 01:02:02 localhost kernel: [38659.708572] r8169 0000:09:00.0 p5p1: link up
Jan 21 01:02:02 localhost kernel: [38659.708593] IPv6: ADDRCONF(NETDEV_CHANGE): p5p1: link becomes ready
Jan 21 01:02:02 localhost NetworkManager[722]: <info> (p5p1): carrier now ON (device state 20)
Jan 21 01:02:02 localhost NetworkManager[722]: <info> (p5p1): device state change: unavailable -> disconnected (reason 'carrier-changed') [20 30 40]
Jan 21 01:02:02 localhost NetworkManager[722]: <info> Auto-activating connection 'Wired connection 1'.
Jan 21 01:02:02 localhost NetworkManager[722]: <info> Activation (p5p1) starting connection 'Wired connection 1'
Jan 21 01:02:02 localhost NetworkManager[722]: <info> (p5p1): device state change: disconnected -> prepare (reason 'none') [30 40 0]
Jan 21 01:02:02 localhost NetworkManager[722]: <info> Activation (p5p1) Stage 1 of 5 (Device Prepare) scheduled...
Jan 21 01:02:02 localhost NetworkManager[722]: <info> Activation (p5p1) Stage 1 of 5 (Device Prepare) started...
Jan 21 01:02:02 localhost NetworkManager[722]: <info> Activation (p5p1) Stage 2 of 5 (Device Configure) scheduled...
Jan 21 01:02:02 localhost NetworkManager[722]: <info> Activation (p5p1) Stage 1 of 5 (Device Prepare) complete.
Jan 21 01:02:02 localhost NetworkManager[722]: <info> Activation (p5p1) Stage 2 of 5 (Device Configure) starting...
Jan 21 01:02:02 localhost NetworkManager[722]: <info> (p5p1): device state change: prepare -> config (reason 'none') [40 50 0]
Jan 21 01:02:02 localhost NetworkManager[722]: <info> Activation (p5p1) Stage 2 of 5 (Device Configure) successful.
Jan 21 01:02:02 localhost NetworkManager[722]: <info> Activation (p5p1) Stage 2 of 5 (Device Configure) complete.
Jan 21 01:02:04 localhost avahi-daemon[678]: Registering new address record for fe80::62eb:69ff:fe27:c464 on p5p1.*.
Jan 21 01:02:05 localhost NetworkManager[722]: <info> Activation (p5p1) Stage 3 of 5 (IP Configure Start) scheduled.
Jan 21 01:02:05 localhost NetworkManager[722]: <info> Activation (p5p1) Stage 3 of 5 (IP Configure Start) started...
Jan 21 01:02:05 localhost NetworkManager[722]: <info> (p5p1): device state change: config -> ip-config (reason 'none') [50 70 0]
Jan 21 01:02:05 localhost NetworkManager[722]: <info> Activation (p5p1) Beginning DHCPv4 transaction (timeout in 45 seconds)
Jan 21 01:02:05 localhost NetworkManager[722]: <info> dhclient started with pid 11730
Jan 21 01:02:05 localhost NetworkManager[722]: <info> Activation (p5p1) Stage 3 of 5 (IP Configure Start) complete.
Jan 21 01:02:05 localhost dhclient[11730]: Internet Systems Consortium DHCP Client 4.2.4-P2
Jan 21 01:02:05 localhost dhclient[11730]: Copyright 2004-2012 Internet Systems Consortium.
Jan 21 01:02:05 localhost dhclient[11730]: All rights reserved.
Jan 21 01:02:05 localhost dhclient[11730]: For info, please visit https://www.isc.org/software/dhcp/
Jan 21 01:02:05 localhost dhclient[11730]: 
Jan 21 01:02:06 localhost dhclient[11730]: Listening on LPF/p5p1/60:eb:69:27:c4:64
Jan 21 01:02:06 localhost dhclient[11730]: Sending on   LPF/p5p1/60:eb:69:27:c4:64
Jan 21 01:02:06 localhost dhclient[11730]: Sending on   Socket/fallback
Jan 21 01:02:06 localhost dhclient[11730]: DHCPREQUEST on p5p1 to 255.255.255.255 port 67 (xid=0x10286c92)
Jan 21 01:02:06 localhost NetworkManager[722]: <info> (p5p1): DHCPv4 state changed nbi -> preinit
Jan 21 01:02:14 localhost dhclient[11730]: DHCPREQUEST on p5p1 to 255.255.255.255 port 67 (xid=0x10286c92)
Jan 21 01:02:27 localhost dhclient[11730]: DHCPDISCOVER on p5p1 to 255.255.255.255 port 67 interval 3 (xid=0x67989022)
Jan 21 01:02:28 localhost kernel: [38686.316973] iwlwifi 0000:03:00.0: fail to flush all tx fifo queues
Jan 21 01:02:30 localhost dhclient[11730]: DHCPDISCOVER on p5p1 to 255.255.255.255 port 67 interval 4 (xid=0x67989022)
Jan 21 01:02:34 localhost dhclient[11730]: DHCPDISCOVER on p5p1 to 255.255.255.255 port 67 interval 4 (xid=0x67989022)
Jan 21 01:02:38 localhost dhclient[11730]: DHCPDISCOVER on p5p1 to 255.255.255.255 port 67 interval 10 (xid=0x67989022)
Jan 21 01:02:48 localhost dhclient[11730]: DHCPDISCOVER on p5p1 to 255.255.255.255 port 67 interval 15 (xid=0x67989022)
Jan 21 01:02:50 localhost NetworkManager[722]: <warn> (p5p1): DHCPv4 request timed out.
Jan 21 01:02:50 localhost NetworkManager[722]: <info> (p5p1): canceled DHCP transaction, DHCP client pid 11730
Jan 21 01:02:50 localhost NetworkManager[722]: <info> Activation (p5p1) Stage 4 of 5 (IPv4 Configure Timeout) scheduled...
Jan 21 01:02:50 localhost NetworkManager[722]: <info> Activation (p5p1) Stage 4 of 5 (IPv4 Configure Timeout) started...
Jan 21 01:02:50 localhost NetworkManager[722]: <info> (p5p1): device state change: ip-config -> failed (reason 'ip-config-unavailable') [70 120 5]
Jan 21 01:02:50 localhost NetworkManager[722]: <warn> Activation (p5p1) failed for connection 'Wired connection 1'
Jan 21 01:02:50 localhost NetworkManager[722]: <info> Activation (p5p1) Stage 4 of 5 (IPv4 Configure Timeout) complete.
Jan 21 01:02:50 localhost NetworkManager[722]: <info> (p5p1): device state change: failed -> disconnected (reason 'none') [120 30 0]
Jan 21 01:02:50 localhost NetworkManager[722]: <info> (p5p1): deactivating device (reason 'none') [0]
Jan 21 01:02:53 localhost NetworkManager[722]: <info> Auto-activating connection 'Wired connection 1'.
Jan 21 01:02:53 localhost NetworkManager[722]: <info> Activation (p5p1) starting connection 'Wired connection 1'
Jan 21 01:02:53 localhost NetworkManager[722]: <info> (p5p1): device state change: disconnected -> prepare (reason 'none') [30 40 0]
Jan 21 01:02:53 localhost NetworkManager[722]: <info> Activation (p5p1) Stage 1 of 5 (Device Prepare) scheduled...
Jan 21 01:02:53 localhost NetworkManager[722]: <info> Activation (p5p1) Stage 1 of 5 (Device Prepare) started...
Jan 21 01:02:53 localhost NetworkManager[722]: <info> Activation (p5p1) Stage 2 of 5 (Device Configure) scheduled...
Jan 21 01:02:53 localhost NetworkManager[722]: <info> Activation (p5p1) Stage 1 of 5 (Device Prepare) complete.
Jan 21 01:02:53 localhost NetworkManager[722]: <info> Activation (p5p1) Stage 2 of 5 (Device Configure) starting...
Jan 21 01:02:53 localhost NetworkManager[722]: <info> (p5p1): device state change: prepare -> config (reason 'none') [40 50 0]
Jan 21 01:02:53 localhost NetworkManager[722]: <info> Activation (p5p1) Stage 2 of 5 (Device Configure) successful.
Jan 21 01:02:53 localhost NetworkManager[722]: <info> Activation (p5p1) Stage 2 of 5 (Device Configure) complete.
Jan 21 01:02:53 localhost NetworkManager[722]: <info> Activation (p5p1) Stage 3 of 5 (IP Configure Start) scheduled.
Jan 21 01:02:53 localhost NetworkManager[722]: <info> Activation (p5p1) Stage 3 of 5 (IP Configure Start) started...
Jan 21 01:02:53 localhost NetworkManager[722]: <info> (p5p1): device state change: config -> ip-config (reason 'none') [50 70 0]
Jan 21 01:02:53 localhost NetworkManager[722]: <info> Activation (p5p1) Beginning DHCPv4 transaction (timeout in 45 seconds)
Jan 21 01:02:53 localhost NetworkManager[722]: <info> dhclient started with pid 12019
Jan 21 01:02:53 localhost NetworkManager[722]: <info> Activation (p5p1) Stage 3 of 5 (IP Configure Start) complete.
Jan 21 01:02:53 localhost dhclient[12019]: Internet Systems Consortium DHCP Client 4.2.4-P2
Jan 21 01:02:53 localhost dhclient[12019]: Copyright 2004-2012 Internet Systems Consortium.
Jan 21 01:02:53 localhost dhclient[12019]: All rights reserved.
Jan 21 01:02:53 localhost dhclient[12019]: For info, please visit https://www.isc.org/software/dhcp/
Jan 21 01:02:53 localhost dhclient[12019]: 
Jan 21 01:02:53 localhost NetworkManager[722]: <info> (p5p1): DHCPv4 state changed nbi -> preinit
Jan 21 01:02:53 localhost dhclient[12019]: Listening on LPF/p5p1/60:eb:69:27:c4:64
Jan 21 01:02:53 localhost dhclient[12019]: Sending on   LPF/p5p1/60:eb:69:27:c4:64
Jan 21 01:02:53 localhost dhclient[12019]: Sending on   Socket/fallback
Jan 21 01:02:53 localhost dhclient[12019]: DHCPREQUEST on p5p1 to 255.255.255.255 port 67 (xid=0x5441106)
Jan 21 01:02:58 localhost dhclient[12019]: DHCPREQUEST on p5p1 to 255.255.255.255 port 67 (xid=0x5441106)
Jan 21 01:03:04 localhost NetworkManager[722]:    ifcfg-rh: updating /etc/sysconfig/network-scripts/ifcfg-Wired_connection_1
Jan 21 01:03:06 localhost dhclient[12019]: DHCPDISCOVER on p5p1 to 255.255.255.255 port 67 interval 3 (xid=0x12212bf3)
Jan 21 01:03:09 localhost dhclient[12019]: DHCPDISCOVER on p5p1 to 255.255.255.255 port 67 interval 7 (xid=0x12212bf3)
Jan 21 01:03:16 localhost dhclient[12019]: DHCPDISCOVER on p5p1 to 255.255.255.255 port 67 interval 12 (xid=0x12212bf3)
Jan 21 01:03:28 localhost dhclient[12019]: DHCPDISCOVER on p5p1 to 255.255.255.255 port 67 interval 14 (xid=0x12212bf3)
Jan 21 01:03:38 localhost NetworkManager[722]: <warn> (p5p1): DHCPv4 request timed out.
Jan 21 01:03:38 localhost NetworkManager[722]: <info> (p5p1): canceled DHCP transaction, DHCP client pid 12019
Jan 21 01:03:38 localhost NetworkManager[722]: <info> Activation (p5p1) Stage 4 of 5 (IPv4 Configure Timeout) scheduled...
Jan 21 01:03:38 localhost NetworkManager[722]: <info> Activation (p5p1) Stage 4 of 5 (IPv4 Configure Timeout) started...
Jan 21 01:03:38 localhost NetworkManager[722]: <info> (p5p1): device state change: ip-config -> failed (reason 'ip-config-unavailable') [70 120 5]
Jan 21 01:03:38 localhost NetworkManager[722]: <warn> Activation (p5p1) failed for connection 'Wired connection 1'
Jan 21 01:03:38 localhost NetworkManager[722]: <info> Activation (p5p1) Stage 4 of 5 (IPv4 Configure Timeout) complete.
Jan 21 01:03:38 localhost NetworkManager[722]: <info> (p5p1): device state change: failed -> disconnected (reason 'none') [120 30 0]
Jan 21 01:03:38 localhost NetworkManager[722]: <info> (p5p1): deactivating device (reason 'none') [0]
Jan 21 01:03:41 localhost NetworkManager[722]: <info> Auto-activating connection 'Wired connection 1'.
Jan 21 01:03:41 localhost NetworkManager[722]: <info> Activation (p5p1) starting connection 'Wired connection 1'
Jan 21 01:03:41 localhost NetworkManager[722]: <info> (p5p1): device state change: disconnected -> prepare (reason 'none') [30 40 0]
Jan 21 01:03:41 localhost NetworkManager[722]: <info> Activation (p5p1) Stage 1 of 5 (Device Prepare) scheduled...
Jan 21 01:03:41 localhost NetworkManager[722]: <info> Activation (p5p1) Stage 1 of 5 (Device Prepare) started...
Jan 21 01:03:41 localhost NetworkManager[722]: <info> Activation (p5p1) Stage 2 of 5 (Device Configure) scheduled...
Jan 21 01:03:41 localhost NetworkManager[722]: <info> Activation (p5p1) Stage 1 of 5 (Device Prepare) complete.
Jan 21 01:03:41 localhost NetworkManager[722]: <info> Activation (p5p1) Stage 2 of 5 (Device Configure) starting...
Jan 21 01:03:41 localhost NetworkManager[722]: <info> (p5p1): device state change: prepare -> config (reason 'none') [40 50 0]
Jan 21 01:03:41 localhost NetworkManager[722]: <info> Activation (p5p1) Stage 2 of 5 (Device Configure) successful.
Jan 21 01:03:41 localhost NetworkManager[722]: <info> Activation (p5p1) Stage 2 of 5 (Device Configure) complete.
Jan 21 01:03:41 localhost NetworkManager[722]: <info> Activation (p5p1) Stage 3 of 5 (IP Configure Start) scheduled.
Jan 21 01:03:41 localhost NetworkManager[722]: <info> Activation (p5p1) Stage 3 of 5 (IP Configure Start) started...
Jan 21 01:03:41 localhost NetworkManager[722]: <info> (p5p1): device state change: config -> ip-config (reason 'none') [50 70 0]
Jan 21 01:03:41 localhost NetworkManager[722]: <info> Activation (p5p1) Stage 5 of 5 (IPv4 Configure Commit) scheduled...
Jan 21 01:03:41 localhost NetworkManager[722]: <info> Activation (p5p1) Stage 3 of 5 (IP Configure Start) complete.
Jan 21 01:03:41 localhost NetworkManager[722]: <info> Activation (p5p1) Stage 5 of 5 (IPv4 Commit) started...
Jan 21 01:03:41 localhost avahi-daemon[678]: Joining mDNS multicast group on interface p5p1.IPv4 with address 192.168.171.1.
Jan 21 01:03:41 localhost avahi-daemon[678]: New relevant interface p5p1.IPv4 for mDNS.
Jan 21 01:03:41 localhost avahi-daemon[678]: Registering new address record for 192.168.171.1 on p5p1.IPv4.
Jan 21 01:03:42 localhost NetworkManager[722]: <info> (p5p1): device state change: ip-config -> secondaries (reason 'none') [70 90 0]
Jan 21 01:03:42 localhost NetworkManager[722]: <info> Activation (p5p1) Stage 5 of 5 (IPv4 Commit) complete.
Jan 21 01:03:42 localhost NetworkManager[722]: <info> (p5p1): device state change: secondaries -> activated (reason 'none') [90 100 0]
Jan 21 01:03:42 localhost NetworkManager[722]: <info> Activation (p5p1) successful, device activated.
Jan 21 01:03:42 localhost dbus-daemon[681]: dbus[681]: [system] Activating service name='org.freedesktop.nm_dispatcher' (using servicehelper)
Jan 21 01:03:42 localhost dbus[681]: [system] Activating service name='org.freedesktop.nm_dispatcher' (using servicehelper)
Jan 21 01:03:42 localhost dbus-daemon[681]: dbus[681]: [system] Successfully activated service 'org.freedesktop.nm_dispatcher'
Jan 21 01:03:42 localhost dbus[681]: [system] Successfully activated service 'org.freedesktop.nm_dispatcher'
Jan 21 01:03:43 localhost dbus-daemon[681]: Failed to issue method call: Unit chronyd.service is not loaded.
Jan 21 01:03:43 localhost dbus-daemon[681]: Failed to issue method call: Unit winbind.service is not loaded.
Jan 21 01:04:06 localhost kernel: [38783.640070] r8169 0000:09:00.0 p5p1: link down
Jan 21 01:04:06 localhost NetworkManager[722]: <info> (p5p1): carrier now OFF (device state 100, deferring action for 4 seconds)
Jan 21 01:04:10 localhost NetworkManager[722]: <info> (p5p1): device state change: activated -> unavailable (reason 'carrier-changed') [100 20 40]
Jan 21 01:04:10 localhost NetworkManager[722]: <info> (p5p1): deactivating device (reason 'carrier-changed') [40]
Jan 21 01:04:10 localhost avahi-daemon[678]: Withdrawing address record for 192.168.171.1 on p5p1.
Jan 21 01:04:10 localhost avahi-daemon[678]: Leaving mDNS multicast group on interface p5p1.IPv4 with address 192.168.171.1.
Jan 21 01:04:10 localhost avahi-daemon[678]: Interface p5p1.IPv4 no longer relevant for mDNS.
Jan 21 01:04:10 localhost NetworkManager[722]: <info> Policy set 'itsinternethome' (wlan0) as default for IPv4 routing and DNS.
Jan 21 01:04:10 localhost dbus[681]: [system] Activating service name='org.freedesktop.nm_dispatcher' (using servicehelper)
Jan 21 01:04:10 localhost dbus-daemon[681]: dbus[681]: [system] Activating service name='org.freedesktop.nm_dispatcher' (using servicehelper)
Jan 21 01:04:10 localhost dbus-daemon[681]: dbus[681]: [system] Successfully activated service 'org.freedesktop.nm_dispatcher'
Jan 21 01:04:10 localhost dbus[681]: [system] Successfully activated service 'org.freedesktop.nm_dispatcher'
Jan 21 01:04:10 localhost dbus-daemon[681]: Failed to issue method call: Unit winbind.service is not loaded.
Jan 21 01:04:17 localhost kernel: [38794.602389] r8169 0000:09:00.0 p5p1: link up
Jan 21 01:04:17 localhost NetworkManager[722]: <info> (p5p1): carrier now ON (device state 20)
Jan 21 01:04:17 localhost NetworkManager[722]: <info> (p5p1): device state change: unavailable -> disconnected (reason 'carrier-changed') [20 30 40]
Jan 21 01:04:17 localhost NetworkManager[722]: <info> Auto-activating connection 'Wired connection 1'.
Jan 21 01:04:17 localhost NetworkManager[722]: <info> Activation (p5p1) starting connection 'Wired connection 1'
Jan 21 01:04:17 localhost NetworkManager[722]: <info> (p5p1): device state change: disconnected -> prepare (reason 'none') [30 40 0]
Jan 21 01:04:17 localhost NetworkManager[722]: <info> Activation (p5p1) Stage 1 of 5 (Device Prepare) scheduled...
Jan 21 01:04:17 localhost NetworkManager[722]: <info> Activation (p5p1) Stage 1 of 5 (Device Prepare) started...
Jan 21 01:04:17 localhost NetworkManager[722]: <info> Activation (p5p1) Stage 2 of 5 (Device Configure) scheduled...
Jan 21 01:04:17 localhost NetworkManager[722]: <info> Activation (p5p1) Stage 1 of 5 (Device Prepare) complete.
Jan 21 01:04:17 localhost NetworkManager[722]: <info> Activation (p5p1) Stage 2 of 5 (Device Configure) starting...
Jan 21 01:04:17 localhost NetworkManager[722]: <info> (p5p1): device state change: prepare -> config (reason 'none') [40 50 0]
Jan 21 01:04:17 localhost NetworkManager[722]: <info> Activation (p5p1) Stage 2 of 5 (Device Configure) successful.
Jan 21 01:04:17 localhost NetworkManager[722]: <info> Activation (p5p1) Stage 2 of 5 (Device Configure) complete.
Jan 21 01:04:17 localhost NetworkManager[722]: <info> Activation (p5p1) Stage 3 of 5 (IP Configure Start) scheduled.
Jan 21 01:04:17 localhost NetworkManager[722]: <info> Activation (p5p1) Stage 3 of 5 (IP Configure Start) started...
Jan 21 01:04:17 localhost NetworkManager[722]: <info> (p5p1): device state change: config -> ip-config (reason 'none') [50 70 0]
Jan 21 01:04:17 localhost NetworkManager[722]: <info> Activation (p5p1) Stage 5 of 5 (IPv4 Configure Commit) scheduled...
Jan 21 01:04:17 localhost NetworkManager[722]: <info> Activation (p5p1) Stage 3 of 5 (IP Configure Start) complete.
Jan 21 01:04:17 localhost NetworkManager[722]: <info> Activation (p5p1) Stage 5 of 5 (IPv4 Commit) started...
Jan 21 01:04:17 localhost avahi-daemon[678]: Joining mDNS multicast group on interface p5p1.IPv4 with address 192.168.171.1.
Jan 21 01:04:17 localhost avahi-daemon[678]: New relevant interface p5p1.IPv4 for mDNS.
Jan 21 01:04:17 localhost avahi-daemon[678]: Registering new address record for 192.168.171.1 on p5p1.IPv4.
Jan 21 01:04:18 localhost NetworkManager[722]: <info> (p5p1): device state change: ip-config -> secondaries (reason 'none') [70 90 0]
Jan 21 01:04:18 localhost NetworkManager[722]: <info> Activation (p5p1) Stage 5 of 5 (IPv4 Commit) complete.
Jan 21 01:04:18 localhost NetworkManager[722]: <info> (p5p1): device state change: secondaries -> activated (reason 'none') [90 100 0]
Jan 21 01:04:18 localhost NetworkManager[722]: <info> Activation (p5p1) successful, device activated.
Jan 21 01:04:18 localhost dbus-daemon[681]: Failed to issue method call: Unit chronyd.service is not loaded.
Jan 21 01:04:18 localhost dbus-daemon[681]: Failed to issue method call: Unit winbind.service is not loaded.
Jan 21 01:04:28 localhost kernel: [38806.121693] iwlwifi 0000:03:00.0: fail to flush all tx fifo queues
Jan 21 01:07:50 localhost kernel: [39007.915193] r8169 0000:09:00.0 p5p1: link down
Jan 21 01:07:50 localhost NetworkManager[722]: <info> (p5p1): carrier now OFF (device state 100, deferring action for 4 seconds)
Jan 21 01:07:53 localhost kernel: [39010.023465] r8169 0000:09:00.0 p5p1: link up
Jan 21 01:07:53 localhost NetworkManager[722]: <info> (p5p1): carrier now ON (device state 100)
Jan 21 01:08:08 localhost NetworkManager[722]: <info> (p5p1): carrier now OFF (device state 100, deferring action for 4 seconds)
Jan 21 01:08:08 localhost kernel: [39025.039784] r8169 0000:09:00.0 p5p1: link down
Jan 21 01:08:12 localhost NetworkManager[722]: <info> (p5p1): device state change: activated -> unavailable (reason 'carrier-changed') [100 20 40]
Jan 21 01:08:12 localhost NetworkManager[722]: <info> (p5p1): deactivating device (reason 'carrier-changed') [40]
Jan 21 01:08:12 localhost avahi-daemon[678]: Withdrawing address record for 192.168.171.1 on p5p1.
Jan 21 01:08:12 localhost NetworkManager[722]: <info> Policy set 'itsinternethome' (wlan0) as default for IPv4 routing and DNS.
Jan 21 01:08:12 localhost avahi-daemon[678]: Leaving mDNS multicast group on interface p5p1.IPv4 with address 192.168.171.1.
Jan 21 01:08:12 localhost avahi-daemon[678]: Interface p5p1.IPv4 no longer relevant for mDNS.
Jan 21 01:08:12 localhost dbus[681]: [system] Activating service name='org.freedesktop.nm_dispatcher' (using servicehelper)
Jan 21 01:08:12 localhost dbus-daemon[681]: dbus[681]: [system] Activating service name='org.freedesktop.nm_dispatcher' (using servicehelper)
Jan 21 01:08:12 localhost dbus-daemon[681]: dbus[681]: [system] Successfully activated service 'org.freedesktop.nm_dispatcher'
Jan 21 01:08:12 localhost dbus[681]: [system] Successfully activated service 'org.freedesktop.nm_dispatcher'
Jan 21 01:08:12 localhost dbus-daemon[681]: Failed to issue method call: Unit winbind.service is not loaded.
Jan 21 01:08:34 localhost kernel: [39051.808128] r8169 0000:09:00.0 p5p1: link up
Jan 21 01:08:34 localhost NetworkManager[722]: <info> (p5p1): carrier now ON (device state 20)
Jan 21 01:08:34 localhost NetworkManager[722]: <info> (p5p1): device state change: unavailable -> disconnected (reason 'carrier-changed') [20 30 40]
Jan 21 01:08:34 localhost NetworkManager[722]: <info> Auto-activating connection 'Wired connection 1'.
Jan 21 01:08:34 localhost NetworkManager[722]: <info> Activation (p5p1) starting connection 'Wired connection 1'
Jan 21 01:08:34 localhost NetworkManager[722]: <info> (p5p1): device state change: disconnected -> prepare (reason 'none') [30 40 0]
Jan 21 01:08:34 localhost NetworkManager[722]: <info> Activation (p5p1) Stage 1 of 5 (Device Prepare) scheduled...
Jan 21 01:08:34 localhost NetworkManager[722]: <info> Activation (p5p1) Stage 1 of 5 (Device Prepare) started...
Jan 21 01:08:34 localhost NetworkManager[722]: <info> Activation (p5p1) Stage 2 of 5 (Device Configure) scheduled...
Jan 21 01:08:34 localhost NetworkManager[722]: <info> Activation (p5p1) Stage 1 of 5 (Device Prepare) complete.
Jan 21 01:08:34 localhost NetworkManager[722]: <info> Activation (p5p1) Stage 2 of 5 (Device Configure) starting...
Jan 21 01:08:34 localhost NetworkManager[722]: <info> (p5p1): device state change: prepare -> config (reason 'none') [40 50 0]
Jan 21 01:08:34 localhost NetworkManager[722]: <info> Activation (p5p1) Stage 2 of 5 (Device Configure) successful.
Jan 21 01:08:34 localhost NetworkManager[722]: <info> Activation (p5p1) Stage 2 of 5 (Device Configure) complete.
Jan 21 01:08:34 localhost NetworkManager[722]: <info> Activation (p5p1) Stage 3 of 5 (IP Configure Start) scheduled.
Jan 21 01:08:34 localhost NetworkManager[722]: <info> Activation (p5p1) Stage 3 of 5 (IP Configure Start) started...
Jan 21 01:08:34 localhost NetworkManager[722]: <info> (p5p1): device state change: config -> ip-config (reason 'none') [50 70 0]
Jan 21 01:08:34 localhost NetworkManager[722]: <info> Activation (p5p1) Stage 5 of 5 (IPv4 Configure Commit) scheduled...
Jan 21 01:08:34 localhost NetworkManager[722]: <info> Activation (p5p1) Stage 3 of 5 (IP Configure Start) complete.
Jan 21 01:08:34 localhost NetworkManager[722]: <info> Activation (p5p1) Stage 5 of 5 (IPv4 Commit) started...
Jan 21 01:08:34 localhost avahi-daemon[678]: Joining mDNS multicast group on interface p5p1.IPv4 with address 192.168.171.1.
Jan 21 01:08:34 localhost avahi-daemon[678]: New relevant interface p5p1.IPv4 for mDNS.
Jan 21 01:08:34 localhost avahi-daemon[678]: Registering new address record for 192.168.171.1 on p5p1.IPv4.
Jan 21 01:08:35 localhost NetworkManager[722]: <info> (p5p1): device state change: ip-config -> secondaries (reason 'none') [70 90 0]
Jan 21 01:08:35 localhost NetworkManager[722]: <info> Activation (p5p1) Stage 5 of 5 (IPv4 Commit) complete.
Jan 21 01:08:35 localhost NetworkManager[722]: <info> (p5p1): device state change: secondaries -> activated (reason 'none') [90 100 0]
Jan 21 01:08:35 localhost NetworkManager[722]: <info> Activation (p5p1) successful, device activated.
Jan 21 01:08:35 localhost dbus-daemon[681]: dbus[681]: [system] Activating service name='org.freedesktop.nm_dispatcher' (using servicehelper)
Jan 21 01:08:35 localhost dbus[681]: [system] Activating service name='org.freedesktop.nm_dispatcher' (using servicehelper)
Jan 21 01:08:35 localhost dbus-daemon[681]: dbus[681]: [system] Successfully activated service 'org.freedesktop.nm_dispatcher'
Jan 21 01:08:35 localhost dbus[681]: [system] Successfully activated service 'org.freedesktop.nm_dispatcher'
Jan 21 01:08:36 localhost dbus-daemon[681]: Failed to issue method call: Unit chronyd.service is not loaded.
Jan 21 01:08:36 localhost dbus-daemon[681]: Failed to issue method call: Unit winbind.service is not loaded.
Jan 21 01:08:56 localhost systemd[1]: Starting Show Plymouth Reboot Screen...
Jan 21 01:08:57 localhost rsyslogd: [origin software="rsyslogd" swVersion="7.2.4" x-pid="679" x-info="http://www.rsyslog.com"] exiting on signal 15.
Jan 21 01:10:02 localhost rsyslogd: [origin software="rsyslogd" swVersion="7.2.4" x-pid="690" x-info="http://www.rsyslog.com"] start
Jan 21 01:10:02 localhost rsyslogd-2184: action '*' treated as ':omusrmsg:*' - please change syntax, '*' will not be supported in the future [try http://www.rsyslog.com/e/2184 ]
Jan 21 01:10:02 localhost systemd[1]: systemd 195 running in system mode. (+PAM +LIBWRAP +AUDIT +SELINUX +IMA +SYSVINIT +LIBCRYPTSETUP +GCRYPT +ACL +XZ; fedora)
Jan 21 01:10:02 localhost systemd[1]: Started udev Kernel Device Manager.
Jan 21 01:10:02 localhost kernel: [    0.000000] Initializing cgroup subsys cpuset
Jan 21 01:10:02 localhost kernel: [    0.000000] Initializing cgroup subsys cpu
Jan 21 01:10:02 localhost systemd[1]: Started udev Coldplug all Devices.
Jan 21 01:10:02 localhost kernel: [    0.000000] Linux version 3.7.2-201.fc18.x86_64 (mockbuild@bkernel02) (gcc version 4.7.2 20121109 (Red Hat 4.7.2-8) (GCC) ) #1 SMP Fri Jan 11 22:16:23 UTC 2013
Jan 21 01:10:02 localhost kernel: [    0.000000] Command line: BOOT_IMAGE=/vmlinuz-3.7.2-201.fc18.x86_64 root=UUID=ffc6063d-f6da-4993-9b86-7a0d2b55889b ro KEYTABLE=us quiet SYSFONT=latarcyrheb-sun16 rhgb LANG=en_US.UTF-8
Jan 21 01:10:02 localhost kernel: [    0.000000] e820: BIOS-provided physical RAM map:
Jan 21 01:10:02 localhost kernel: [    0.000000] BIOS-e820: [mem 0x0000000000000000-0x000000000009c3ff] usable
Jan 21 01:10:02 localhost systemd[1]: Starting udev Wait for Complete Device Initialization...
Jan 21 01:10:02 localhost kernel: [    0.000000] BIOS-e820: [mem 0x000000000009c400-0x000000000009ffff] reserved
Jan 21 01:10:02 localhost kernel: [    0.000000] BIOS-e820: [mem 0x00000000000e0000-0x00000000000fffff] reserved
Jan 21 01:10:02 localhost kernel: [    0.000000] BIOS-e820: [mem 0x0000000000100000-0x00000000bf27bfff] usable
Jan 21 01:10:02 localhost kernel: [    0.000000] BIOS-e820: [mem 0x00000000bf27c000-0x00000000bf281fff] reserved
Jan 21 01:10:02 localhost kernel: [    0.000000] BIOS-e820: [mem 0x00000000bf282000-0x00000000bf3ecfff] usable
Jan 21 01:10:02 localhost systemd[1]: Started Apply Kernel Variables.
Jan 21 01:10:02 localhost kernel: [    0.000000] BIOS-e820: [mem 0x00000000bf3ed000-0x00000000bf40efff] reserved
Jan 21 01:10:02 localhost kernel: [    0.000000] BIOS-e820: [mem 0x00000000bf40f000-0x00000000bf46efff] usable
Jan 21 01:10:02 localhost kernel: [    0.000000] BIOS-e820: [mem 0x00000000bf46f000-0x00000000bf46ffff] reserved
Jan 21 01:10:02 localhost kernel: [    0.000000] BIOS-e820: [mem 0x00000000bf470000-0x00000000bf4f0fff] ACPI NVS
Jan 21 01:10:02 localhost kernel: [    0.000000] BIOS-e820: [mem 0x00000000bf4f1000-0x00000000bf70efff] reserved
Jan 21 01:10:02 localhost kernel: [    0.000000] BIOS-e820: [mem 0x00000000bf70f000-0x00000000bf716fff] usable
Jan 21 01:10:02 localhost kernel: [    0.000000] BIOS-e820: [mem 0x00000000bf717000-0x00000000bf71efff] reserved
Jan 21 01:10:02 localhost kernel: [    0.000000] BIOS-e820: [mem 0x00000000bf71f000-0x00000000bf77efff] usable
Jan 21 01:10:02 localhost kernel: [    0.000000] BIOS-e820: [mem 0x00000000bf77f000-0x00000000bf79efff] ACPI NVS
Jan 21 01:10:02 localhost kernel: [    0.000000] BIOS-e820: [mem 0x00000000bf79f000-0x00000000bf7e0fff] usable
Jan 21 01:10:02 localhost kernel: [    0.000000] BIOS-e820: [mem 0x00000000bf7e1000-0x00000000bf7fefff] ACPI data
Jan 21 01:10:02 localhost kernel: [    0.000000] BIOS-e820: [mem 0x00000000bf7ff000-0x00000000bf7fffff] usable
Jan 21 01:10:02 localhost kernel: [    0.000000] BIOS-e820: [mem 0x00000000bf800000-0x00000000bfffffff] reserved
Jan 21 01:10:02 localhost systemd[1]: Mounted Configuration File System.
Jan 21 01:10:02 localhost systemd[1]: Mounted POSIX Message Queue File System.
Jan 21 01:10:02 localhost kernel: [    0.000000] BIOS-e820: [mem 0x00000000e0000000-0x00000000efffffff] reserved
Jan 21 01:10:02 localhost kernel: [    0.000000] BIOS-e820: [mem 0x00000000f080a000-0x00000000f080afff] reserved
Jan 21 01:10:02 localhost kernel: [    0.000000] BIOS-e820: [mem 0x00000000feaff000-0x00000000feafffff] reserved
Jan 21 01:10:02 localhost systemd[1]: Mounted Debug File System.
Jan 21 01:10:02 localhost kernel: [    0.000000] BIOS-e820: [mem 0x00000000fec00000-0x00000000fec0ffff] reserved
Jan 21 01:10:02 localhost kernel: [    0.000000] BIOS-e820: [mem 0x00000000fed00000-0x00000000fed003ff] reserved
Jan 21 01:10:02 localhost kernel: [    0.000000] BIOS-e820: [mem 0x00000000fed1c000-0x00000000fed8ffff] reserved
Jan 21 01:10:02 localhost kernel: [    0.000000] BIOS-e820: [mem 0x00000000fee00000-0x00000000fee00fff] reserved
Jan 21 01:10:02 localhost kernel: [    0.000000] BIOS-e820: [mem 0x00000000ff000000-0x00000000ffffffff] reserved
Jan 21 01:10:02 localhost kernel: [    0.000000] BIOS-e820: [mem 0x0000000100000000-0x00000001fbffffff] usable
Jan 21 01:10:02 localhost kernel: [    0.000000] BIOS-e820: [mem 0x0000000200000000-0x000000023bffffff] usable
Jan 21 01:10:02 localhost kernel: [    0.000000] NX (Execute Disable) protection: active
Jan 21 01:10:02 localhost kernel: [    0.000000] DMI present.
Jan 21 01:10:02 localhost systemd[1]: Mounted Huge Pages File System.
Jan 21 01:10:02 localhost kernel: [    0.000000] No AGP bridge found
Jan 21 01:10:02 localhost systemd[1]: Mounting Arbitrary Executable File Formats File System...
Jan 21 01:10:02 localhost kernel: [    0.000000] e820: last_pfn = 0x23c000 max_arch_pfn = 0x400000000
Jan 21 01:10:02 localhost kernel: [    0.000000] x86 PAT enabled: cpu 0, old 0x7040600070406, new 0x7010600070106
Jan 21 01:10:02 localhost kernel: [    0.000000] total RAM covered: 8128M
Jan 21 01:10:02 localhost kernel: [    0.000000] Found optimal setting for mtrr clean up
Jan 21 01:10:02 localhost kernel: [    0.000000]  gran_size: 64K 	chunk_size: 128M 	num_reg: 5  	lose cover RAM: 0G
Jan 21 01:10:02 localhost kernel: [    0.000000] e820: last_pfn = 0xbf800 max_arch_pfn = 0x400000000
Jan 21 01:10:02 localhost kernel: [    0.000000] found SMP MP-table at [mem 0x000f6680-0x000f668f] mapped at [ffff8800000f6680]
Jan 21 01:10:02 localhost kernel: [    0.000000] init_memory_mapping: [mem 0x00000000-0xbf7fffff]
Jan 21 01:10:02 localhost kernel: [    0.000000] init_memory_mapping: [mem 0x100000000-0x1fbffffff]
Jan 21 01:10:02 localhost kernel: [    0.000000] init_memory_mapping: [mem 0x200000000-0x23bffffff]
Jan 21 01:10:02 localhost kernel: [    0.000000] RAMDISK: [mem 0x358f0000-0x36c6ffff]
Jan 21 01:10:02 localhost kernel: [    0.000000] ACPI: RSDP 00000000000f6330 00024 (v04 LENOVO)
Jan 21 01:10:02 localhost kernel: [    0.000000] ACPI: XSDT 00000000bf7f3c33 00054 (v01 LENOVO TP-80    00001230  LTP 00000000)
Jan 21 01:10:02 localhost kernel: [    0.000000] ACPI: FACP 00000000bf7e3000 000F4 (v03 LENOVO TP-80    00001230 PTEC 00000001)
Jan 21 01:10:02 localhost kernel: [    0.000000] ACPI: DSDT 00000000bf7e4000 0B0B9 (v02 LENOVO TP-80    00001230 INTL 20050624)
Jan 21 01:10:02 localhost kernel: [    0.000000] ACPI: FACS 00000000bf79bfc0 00040
Jan 21 01:10:02 localhost kernel: [    0.000000] ACPI: HPET 00000000bf7feee0 00038 (v01 LENOVO TP-80    00001230 PTEC 00000001)
Jan 21 01:10:02 localhost kernel: [    0.000000] ACPI: MCFG 00000000bf7fef18 0003C (v01 LENOVO TP-80    00001230 PTEC 00000001)
Jan 21 01:10:02 localhost kernel: [    0.000000] ACPI: APIC 00000000bf7fef54 00084 (v01 LENOVO TP-80    00001230  LTP 00000000)
Jan 21 01:10:02 localhost kernel: [    0.000000] ACPI: BOOT 00000000bf7fefd8 00028 (v01 LENOVO TP-80    00001230  LTP 00000001)
Jan 21 01:10:02 localhost kernel: [    0.000000] ACPI: SSDT 00000000bf7e2000 009F1 (v01  PmRef    CpuPm 00003000 INTL 20050624)
Jan 21 01:10:02 localhost kernel: [    0.000000] No NUMA configuration found
Jan 21 01:10:02 localhost kernel: [    0.000000] Faking a node at [mem 0x0000000000000000-0x000000023bffffff]
Jan 21 01:10:02 localhost kernel: [    0.000000] Initmem setup node 0 [mem 0x00000000-0x23bffffff]
Jan 21 01:10:02 localhost kernel: [    0.000000]   NODE_DATA [mem 0x23bfec000-0x23bffffff]
Jan 21 01:10:02 localhost kernel: [    0.000000] Zone ranges:
Jan 21 01:10:02 localhost kernel: [    0.000000]   DMA      [mem 0x00010000-0x00ffffff]
Jan 21 01:10:02 localhost kernel: [    0.000000]   DMA32    [mem 0x01000000-0xffffffff]
Jan 21 01:10:02 localhost kernel: [    0.000000]   Normal   [mem 0x100000000-0x23bffffff]
Jan 21 01:10:02 localhost kernel: [    0.000000] Movable zone start for each node
Jan 21 01:10:02 localhost kernel: [    0.000000] Early memory node ranges
Jan 21 01:10:02 localhost kernel: [    0.000000]   node   0: [mem 0x00010000-0x0009bfff]
Jan 21 01:10:02 localhost kernel: [    0.000000]   node   0: [mem 0x00100000-0xbf27bfff]
Jan 21 01:10:02 localhost kernel: [    0.000000]   node   0: [mem 0xbf282000-0xbf3ecfff]
Jan 21 01:10:02 localhost kernel: [    0.000000]   node   0: [mem 0xbf40f000-0xbf46efff]
Jan 21 01:10:02 localhost kernel: [    0.000000]   node   0: [mem 0xbf70f000-0xbf716fff]
Jan 21 01:10:02 localhost kernel: [    0.000000]   node   0: [mem 0xbf71f000-0xbf77efff]
Jan 21 01:10:02 localhost kernel: [    0.000000]   node   0: [mem 0xbf79f000-0xbf7e0fff]
Jan 21 01:10:02 localhost kernel: [    0.000000]   node   0: [mem 0xbf7ff000-0xbf7fffff]
Jan 21 01:10:02 localhost kernel: [    0.000000]   node   0: [mem 0x100000000-0x1fbffffff]
Jan 21 01:10:02 localhost kernel: [    0.000000]   node   0: [mem 0x200000000-0x23bffffff]
Jan 21 01:10:02 localhost kernel: [    0.000000] ACPI: PM-Timer IO Port: 0x408
Jan 21 01:10:02 localhost kernel: [    0.000000] ACPI: LAPIC (acpi_id[0x00] lapic_id[0x00] enabled)
Jan 21 01:10:02 localhost kernel: [    0.000000] ACPI: LAPIC (acpi_id[0x01] lapic_id[0x04] enabled)
Jan 21 01:10:02 localhost kernel: [    0.000000] ACPI: LAPIC (acpi_id[0x02] lapic_id[0x01] enabled)
Jan 21 01:10:02 localhost kernel: [    0.000000] ACPI: LAPIC (acpi_id[0x03] lapic_id[0x05] enabled)
Jan 21 01:10:02 localhost kernel: [    0.000000] ACPI: LAPIC_NMI (acpi_id[0x00] high edge lint[0x1])
Jan 21 01:10:02 localhost kernel: [    0.000000] ACPI: LAPIC_NMI (acpi_id[0x01] high edge lint[0x1])
Jan 21 01:10:02 localhost kernel: [    0.000000] ACPI: LAPIC_NMI (acpi_id[0x02] high edge lint[0x1])
Jan 21 01:10:02 localhost kernel: [    0.000000] ACPI: LAPIC_NMI (acpi_id[0x03] high edge lint[0x1])
Jan 21 01:10:02 localhost kernel: [    0.000000] ACPI: IOAPIC (id[0x02] address[0xfec00000] gsi_base[0])
Jan 21 01:10:02 localhost kernel: [    0.000000] IOAPIC[0]: apic_id 2, version 32, address 0xfec00000, GSI 0-23
Jan 21 01:10:02 localhost kernel: [    0.000000] ACPI: INT_SRC_OVR (bus 0 bus_irq 0 global_irq 2 high edge)
Jan 21 01:10:02 localhost kernel: [    0.000000] ACPI: INT_SRC_OVR (bus 0 bus_irq 9 global_irq 9 high level)
Jan 21 01:10:02 localhost kernel: [    0.000000] Using ACPI (MADT) for SMP configuration information
Jan 21 01:10:02 localhost kernel: [    0.000000] ACPI: HPET id: 0x8086a701 base: 0xfed00000
Jan 21 01:10:02 localhost kernel: [    0.000000] smpboot: Allowing 4 CPUs, 0 hotplug CPUs
Jan 21 01:10:02 localhost kernel: [    0.000000] PM: Registered nosave memory: 000000000009c000 - 000000000009d000
Jan 21 01:10:02 localhost kernel: [    0.000000] PM: Registered nosave memory: 000000000009d000 - 00000000000a0000
Jan 21 01:10:02 localhost kernel: [    0.000000] PM: Registered nosave memory: 00000000000a0000 - 00000000000e0000
Jan 21 01:10:02 localhost kernel: [    0.000000] PM: Registered nosave memory: 00000000000e0000 - 0000000000100000
Jan 21 01:10:02 localhost kernel: [    0.000000] PM: Registered nosave memory: 00000000bf27c000 - 00000000bf282000
Jan 21 01:10:02 localhost kernel: [    0.000000] PM: Registered nosave memory: 00000000bf3ed000 - 00000000bf40f000
Jan 21 01:10:02 localhost kernel: [    0.000000] PM: Registered nosave memory: 00000000bf46f000 - 00000000bf470000
Jan 21 01:10:02 localhost kernel: [    0.000000] PM: Registered nosave memory: 00000000bf470000 - 00000000bf4f1000
Jan 21 01:10:02 localhost kernel: [    0.000000] PM: Registered nosave memory: 00000000bf4f1000 - 00000000bf70f000
Jan 21 01:10:02 localhost kernel: [    0.000000] PM: Registered nosave memory: 00000000bf717000 - 00000000bf71f000
Jan 21 01:10:02 localhost kernel: [    0.000000] PM: Registered nosave memory: 00000000bf77f000 - 00000000bf79f000
Jan 21 01:10:02 localhost kernel: [    0.000000] PM: Registered nosave memory: 00000000bf7e1000 - 00000000bf7ff000
Jan 21 01:10:02 localhost kernel: [    0.000000] PM: Registered nosave memory: 00000000bf800000 - 00000000c0000000
Jan 21 01:10:02 localhost kernel: [    0.000000] PM: Registered nosave memory: 00000000c0000000 - 00000000e0000000
Jan 21 01:10:02 localhost kernel: [    0.000000] PM: Registered nosave memory: 00000000e0000000 - 00000000f0000000
Jan 21 01:10:02 localhost kernel: [    0.000000] PM: Registered nosave memory: 00000000f0000000 - 00000000f080a000
Jan 21 01:10:02 localhost kernel: [    0.000000] PM: Registered nosave memory: 00000000f080a000 - 00000000f080b000
Jan 21 01:10:02 localhost kernel: [    0.000000] PM: Registered nosave memory: 00000000f080b000 - 00000000feaff000
Jan 21 01:10:02 localhost kernel: [    0.000000] PM: Registered nosave memory: 00000000feaff000 - 00000000feb00000
Jan 21 01:10:02 localhost kernel: [    0.000000] PM: Registered nosave memory: 00000000feb00000 - 00000000fec00000
Jan 21 01:10:02 localhost kernel: [    0.000000] PM: Registered nosave memory: 00000000fec00000 - 00000000fec10000
Jan 21 01:10:02 localhost kernel: [    0.000000] PM: Registered nosave memory: 00000000fec10000 - 00000000fed00000
Jan 21 01:10:02 localhost kernel: [    0.000000] PM: Registered nosave memory: 00000000fed00000 - 00000000fed1c000
Jan 21 01:10:02 localhost kernel: [    0.000000] PM: Registered nosave memory: 00000000fed1c000 - 00000000fed90000
Jan 21 01:10:02 localhost kernel: [    0.000000] PM: Registered nosave memory: 00000000fed90000 - 00000000fee00000
Jan 21 01:10:02 localhost kernel: [    0.000000] PM: Registered nosave memory: 00000000fee00000 - 00000000fee01000
Jan 21 01:10:02 localhost kernel: [    0.000000] PM: Registered nosave memory: 00000000fee01000 - 00000000ff000000
Jan 21 01:10:02 localhost kernel: [    0.000000] PM: Registered nosave memory: 00000000ff000000 - 0000000100000000
Jan 21 01:10:02 localhost kernel: [    0.000000] PM: Registered nosave memory: 00000001fc000000 - 0000000200000000
Jan 21 01:10:02 localhost kernel: [    0.000000] e820: [mem 0xc0000000-0xdfffffff] available for PCI devices
Jan 21 01:10:02 localhost kernel: [    0.000000] Booting paravirtualized kernel on bare hardware
Jan 21 01:10:02 localhost kernel: [    0.000000] setup_percpu: NR_CPUS:128 nr_cpumask_bits:128 nr_cpu_ids:4 nr_node_ids:1
Jan 21 01:10:02 localhost kernel: [    0.000000] PERCPU: Embedded 28 pages/cpu @ffff88023bc00000 s84288 r8192 d22208 u524288
Jan 21 01:10:02 localhost kernel: [    0.000000] Built 1 zonelists in Zone order, mobility grouping on.  Total pages: 2024824
Jan 21 01:10:02 localhost kernel: [    0.000000] Policy zone: Normal
Jan 21 01:10:02 localhost kernel: [    0.000000] Kernel command line: BOOT_IMAGE=/vmlinuz-3.7.2-201.fc18.x86_64 root=UUID=ffc6063d-f6da-4993-9b86-7a0d2b55889b ro KEYTABLE=us quiet SYSFONT=latarcyrheb-sun16 rhgb LANG=en_US.UTF-8
Jan 21 01:10:02 localhost kernel: [    0.000000] PID hash table entries: 4096 (order: 3, 32768 bytes)
Jan 21 01:10:02 localhost kernel: [    0.000000] __ex_table already sorted, skipping sort
Jan 21 01:10:02 localhost kernel: [    0.000000] Checking aperture...
Jan 21 01:10:02 localhost kernel: [    0.000000] No AGP bridge found
Jan 21 01:10:02 localhost kernel: [    0.000000] Memory: 8011872k/9371648k available (6406k kernel code, 1125896k absent, 233880k reserved, 6794k data, 1068k init)
Jan 21 01:10:02 localhost kernel: [    0.000000] SLUB: Genslabs=15, HWalign=64, Order=0-3, MinObjects=0, CPUs=4, Nodes=1
Jan 21 01:10:02 localhost kernel: [    0.000000] Hierarchical RCU implementation.
Jan 21 01:10:02 localhost kernel: [    0.000000] 	RCU restricting CPUs from NR_CPUS=128 to nr_cpu_ids=4.
Jan 21 01:10:02 localhost kernel: [    0.000000] NR_IRQS:8448 nr_irqs:712 16
Jan 21 01:10:02 localhost kernel: [    0.000000] Extended CMOS year: 2000
Jan 21 01:10:02 localhost kernel: [    0.000000] Console: colour VGA+ 80x25
Jan 21 01:10:02 localhost kernel: [    0.000000] console [tty0] enabled
Jan 21 01:10:02 localhost kernel: [    0.000000] allocated 33554432 bytes of page_cgroup
Jan 21 01:10:02 localhost kernel: [    0.000000] please try 'cgroup_disable=memory' option if you don't want memory cgroups
Jan 21 01:10:02 localhost kernel: [    0.000000] tsc: Fast TSC calibration using PIT
Jan 21 01:10:02 localhost kernel: [    0.001000] tsc: Detected 2394.097 MHz processor
Jan 21 01:10:02 localhost kernel: [    0.000003] Calibrating delay loop (skipped), value calculated using timer frequency.. 4788.19 BogoMIPS (lpj=2394097)
Jan 21 01:10:02 localhost kernel: [    0.000006] pid_max: default: 32768 minimum: 301
Jan 21 01:10:02 localhost kernel: [    0.000041] Security Framework initialized
Jan 21 01:10:02 localhost kernel: [    0.000049] SELinux:  Initializing.
Jan 21 01:10:02 localhost kernel: [    0.000821] Dentry cache hash table entries: 1048576 (order: 11, 8388608 bytes)
Jan 21 01:10:02 localhost kernel: [    0.002827] Inode-cache hash table entries: 524288 (order: 10, 4194304 bytes)
Jan 21 01:10:02 localhost kernel: [    0.003649] Mount-cache hash table entries: 256
Jan 21 01:10:02 localhost kernel: [    0.003885] Initializing cgroup subsys cpuacct
Jan 21 01:10:02 localhost kernel: [    0.003888] Initializing cgroup subsys memory
Jan 21 01:10:02 localhost kernel: [    0.003901] Initializing cgroup subsys devices
Jan 21 01:10:02 localhost kernel: [    0.003902] Initializing cgroup subsys freezer
Jan 21 01:10:02 localhost kernel: [    0.003904] Initializing cgroup subsys net_cls
Jan 21 01:10:02 localhost kernel: [    0.003905] Initializing cgroup subsys blkio
Jan 21 01:10:02 localhost kernel: [    0.003907] Initializing cgroup subsys perf_event
Jan 21 01:10:02 localhost kernel: [    0.003935] CPU: Physical Processor ID: 0
Jan 21 01:10:02 localhost kernel: [    0.003936] CPU: Processor Core ID: 0
Jan 21 01:10:02 localhost kernel: [    0.003942] mce: CPU supports 9 MCE banks
Jan 21 01:10:02 localhost kernel: [    0.003959] process: using mwait in idle threads
Jan 21 01:10:02 localhost kernel: [    0.003963] Last level iTLB entries: 4KB 512, 2MB 7, 4MB 7
Jan 21 01:10:02 localhost kernel: [    0.003963] Last level dTLB entries: 4KB 512, 2MB 32, 4MB 32
Jan 21 01:10:02 localhost kernel: [    0.003963] tlb_flushall_shift: 6
Jan 21 01:10:02 localhost kernel: [    0.004102] Freeing SMP alternatives: 24k freed
Jan 21 01:10:02 localhost kernel: [    0.005329] ACPI: Core revision 20120913
Jan 21 01:10:02 localhost kernel: [    0.029206] ftrace: allocating 23747 entries in 93 pages
Jan 21 01:10:02 localhost kernel: [    0.042797] ..TIMER: vector=0x30 apic1=0 pin1=2 apic2=-1 pin2=-1
Jan 21 01:10:02 localhost kernel: [    0.052789] smpboot: CPU0: Intel(R) Core(TM) i3 CPU       M 370  @ 2.40GHz (fam: 06, model: 25, stepping: 05)
Jan 21 01:10:02 localhost kernel: [    0.154508] Performance Events: PEBS fmt1+, 16-deep LBR, Westmere events, Intel PMU driver.
Jan 21 01:10:02 localhost kernel: [    0.154515] perf_event_intel: CPUID marked event: 'bus cycles' unavailable
Jan 21 01:10:02 localhost kernel: [    0.154517] ... version:                3
Jan 21 01:10:02 localhost kernel: [    0.154518] ... bit width:              48
Jan 21 01:10:02 localhost kernel: [    0.154519] ... generic registers:      4
Jan 21 01:10:02 localhost kernel: [    0.154520] ... value mask:             0000ffffffffffff
Jan 21 01:10:02 localhost kernel: [    0.154521] ... max period:             000000007fffffff
Jan 21 01:10:02 localhost kernel: [    0.154522] ... fixed-purpose events:   3
Jan 21 01:10:02 localhost kernel: [    0.154523] ... event mask:             000000070000000f
Jan 21 01:10:02 localhost kernel: [    0.169007] NMI watchdog: enabled on all CPUs, permanently consumes one hw-PMU counter.
Jan 21 01:10:02 localhost kernel: [    0.155720] smpboot: Booting Node   0, Processors  #1 #2 #3 OK
Jan 21 01:10:02 localhost kernel: [    0.195655] Brought up 4 CPUs
Jan 21 01:10:02 localhost kernel: [    0.195661] smpboot: Total of 4 processors activated (19152.77 BogoMIPS)
Jan 21 01:10:02 localhost kernel: [    0.198391] devtmpfs: initialized
Jan 21 01:10:02 localhost kernel: [    0.198591] PM: Registering ACPI NVS region [mem 0xbf470000-0xbf4f0fff] (528384 bytes)
Jan 21 01:10:02 localhost kernel: [    0.198601] PM: Registering ACPI NVS region [mem 0xbf77f000-0xbf79efff] (131072 bytes)
Jan 21 01:10:02 localhost kernel: [    0.199447] atomic64 test passed for x86-64 platform with CX8 and with SSE
Jan 21 01:10:02 localhost kernel: [    0.199476] RTC time:  1:09:28, date: 01/21/13
Jan 21 01:10:02 localhost kernel: [    0.199521] NET: Registered protocol family 16
Jan 21 01:10:02 localhost kernel: [    0.199664] ACPI: bus type pci registered
Jan 21 01:10:02 localhost kernel: [    0.199737] PCI: MMCONFIG for domain 0000 [bus 00-ff] at [mem 0xe0000000-0xefffffff] (base 0xe0000000)
Jan 21 01:10:02 localhost kernel: [    0.199740] PCI: MMCONFIG at [mem 0xe0000000-0xefffffff] reserved in E820
Jan 21 01:10:02 localhost kernel: [    0.229271] PCI: Using configuration type 1 for base access
Jan 21 01:10:02 localhost kernel: [    0.230051] bio: create slab <bio-0> at 0
Jan 21 01:10:02 localhost kernel: [    0.230120] ACPI: Added _OSI(Module Device)
Jan 21 01:10:02 localhost kernel: [    0.230123] ACPI: Added _OSI(Processor Device)
Jan 21 01:10:02 localhost kernel: [    0.230125] ACPI: Added _OSI(3.0 _SCP Extensions)
Jan 21 01:10:02 localhost kernel: [    0.230126] ACPI: Added _OSI(Processor Aggregator Device)
Jan 21 01:10:02 localhost kernel: [    0.236958] [Firmware Bug]: ACPI: BIOS _OSI(Linux) query ignored
Jan 21 01:10:02 localhost kernel: [    0.237290] ACPI: SSDT 00000000bf71a918 00432 (v01  PmRef  Cpu0Ist 00003000 INTL 20050624)
Jan 21 01:10:02 localhost kernel: [    0.237661] ACPI: Dynamic OEM Table Load:
Jan 21 01:10:02 localhost kernel: [    0.237663] ACPI: SSDT           (null) 00432 (v01  PmRef  Cpu0Ist 00003000 INTL 20050624)
Jan 21 01:10:02 localhost kernel: [    0.237802] ACPI: SSDT 00000000bf718018 00891 (v01  PmRef  Cpu0Cst 00003001 INTL 20050624)
Jan 21 01:10:02 localhost kernel: [    0.238150] ACPI: Dynamic OEM Table Load:
Jan 21 01:10:02 localhost kernel: [    0.238152] ACPI: SSDT           (null) 00891 (v01  PmRef  Cpu0Cst 00003001 INTL 20050624)
Jan 21 01:10:02 localhost kernel: [    0.247615] ACPI: SSDT 00000000bf719a98 00303 (v01  PmRef    ApIst 00003000 INTL 20050624)
Jan 21 01:10:02 localhost kernel: [    0.248021] ACPI: Dynamic OEM Table Load:
Jan 21 01:10:02 localhost kernel: [    0.248023] ACPI: SSDT           (null) 00303 (v01  PmRef    ApIst 00003000 INTL 20050624)
Jan 21 01:10:02 localhost kernel: [    0.252474] ACPI: SSDT 00000000bf717d98 00119 (v01  PmRef    ApCst 00003000 INTL 20050624)
Jan 21 01:10:02 localhost kernel: [    0.252847] ACPI: Dynamic OEM Table Load:
Jan 21 01:10:02 localhost kernel: [    0.252849] ACPI: SSDT           (null) 00119 (v01  PmRef    ApCst 00003000 INTL 20050624)
Jan 21 01:10:02 localhost kernel: [    0.259302] ACPI: Interpreter enabled
Jan 21 01:10:02 localhost kernel: [    0.259306] ACPI: (supports S0 S3 S4 S5)
Jan 21 01:10:02 localhost kernel: [    0.259331] ACPI: Using IOAPIC for interrupt routing
Jan 21 01:10:02 localhost kernel: [    0.266766] ACPI: EC: GPE = 0x16, I/O: command/status = 0x66, data = 0x62
Jan 21 01:10:02 localhost kernel: [    0.266924] ACPI: No dock devices found.
Jan 21 01:10:02 localhost kernel: [    0.266929] PCI: Using host bridge windows from ACPI; if necessary, use "pci=nocrs" and report a bug
Jan 21 01:10:02 localhost kernel: [    0.267248] ACPI: PCI Root Bridge [PCI0] (domain 0000 [bus 00-fe])
Jan 21 01:10:02 localhost kernel: [    0.267739] PCI host bridge to bus 0000:00
Jan 21 01:10:02 localhost kernel: [    0.267743] pci_bus 0000:00: root bus resource [bus 00-fe]
Jan 21 01:10:02 localhost kernel: [    0.267745] pci_bus 0000:00: root bus resource [io  0x0000-0x0cf7]
Jan 21 01:10:02 localhost kernel: [    0.267747] pci_bus 0000:00: root bus resource [io  0x0d00-0xffff]
Jan 21 01:10:02 localhost kernel: [    0.267749] pci_bus 0000:00: root bus resource [mem 0x000a0000-0x000bffff]
Jan 21 01:10:02 localhost kernel: [    0.267751] pci_bus 0000:00: root bus resource [mem 0x000d0000-0x000d3fff]
Jan 21 01:10:02 localhost kernel: [    0.267752] pci_bus 0000:00: root bus resource [mem 0x000d4000-0x000d7fff]
Jan 21 01:10:02 localhost kernel: [    0.267755] pci_bus 0000:00: root bus resource [mem 0x000d8000-0x000dbfff]
Jan 21 01:10:02 localhost kernel: [    0.267757] pci_bus 0000:00: root bus resource [mem 0x000dc000-0x000dffff]
Jan 21 01:10:02 localhost kernel: [    0.267759] pci_bus 0000:00: root bus resource [mem 0xc0000000-0xfeafffff]
Jan 21 01:10:02 localhost kernel: [    0.267786] DMAR: BIOS has allocated no shadow GTT; disabling IOMMU for graphics
Jan 21 01:10:02 localhost kernel: [    0.270097] pci 0000:00:01.0: PCI bridge to [bus 01]
Jan 21 01:10:02 localhost kernel: [    0.270160] pci 0000:00:1c.0: PCI bridge to [bus 02]
Jan 21 01:10:02 localhost kernel: [    0.272549] pci 0000:00:1c.1: PCI bridge to [bus 03]
Jan 21 01:10:02 localhost kernel: [    0.272641] pci 0000:00:1c.2: PCI bridge to [bus 04]
Jan 21 01:10:02 localhost kernel: [    0.272708] pci 0000:00:1c.3: PCI bridge to [bus 05-07]
Jan 21 01:10:02 localhost kernel: [    0.272781] pci 0000:00:1c.4: PCI bridge to [bus 08]
Jan 21 01:10:02 localhost kernel: [    0.274538] pci 0000:00:1c.5: PCI bridge to [bus 09]
Jan 21 01:10:02 localhost kernel: [    0.274652] pci 0000:00:1e.0: PCI bridge to [bus 0c] (subtractive decode)
Jan 21 01:10:02 localhost kernel: [    0.275328]  pci0000:00: ACPI _OSC support notification failed, disabling PCIe ASPM
Jan 21 01:10:02 localhost kernel: [    0.275330]  pci0000:00: Unable to request _OSC control (_OSC support mask: 0x08)
Jan 21 01:10:02 localhost kernel: [    0.279163] ACPI: PCI Root Bridge [CPBG] (domain 0000 [bus ff])
Jan 21 01:10:02 localhost kernel: [    0.279216] PCI host bridge to bus 0000:ff
Jan 21 01:10:02 localhost kernel: [    0.279218] pci_bus 0000:ff: root bus resource [bus ff]
Jan 21 01:10:02 localhost kernel: [    0.279347]  pci0000:ff: ACPI _OSC support notification failed, disabling PCIe ASPM
Jan 21 01:10:02 localhost kernel: [    0.279349]  pci0000:ff: Unable to request _OSC control (_OSC support mask: 0x08)
Jan 21 01:10:02 localhost kernel: [    0.279530] ACPI: PCI Interrupt Link [LNKA] (IRQs 1 3 4 5 6 7 *10 12 14 15)
Jan 21 01:10:02 localhost kernel: [    0.279572] ACPI: PCI Interrupt Link [LNKB] (IRQs 1 3 4 5 6 7 11 12 14 15) *10
Jan 21 01:10:02 localhost kernel: [    0.279612] ACPI: PCI Interrupt Link [LNKC] (IRQs 1 3 4 5 6 7 *10 12 14 15)
Jan 21 01:10:02 localhost kernel: [    0.279651] ACPI: PCI Interrupt Link [LNKD] (IRQs 1 3 4 5 6 7 *11 12 14 15)
Jan 21 01:10:02 localhost kernel: [    0.279691] ACPI: PCI Interrupt Link [LNKE] (IRQs 1 3 4 5 6 7 10 12 14 15) *0, disabled.
Jan 21 01:10:02 localhost kernel: [    0.279732] ACPI: PCI Interrupt Link [LNKF] (IRQs 1 3 4 5 6 7 11 12 14 15) *0, disabled.
Jan 21 01:10:02 localhost kernel: [    0.279775] ACPI: PCI Interrupt Link [LNKG] (IRQs 1 3 4 5 6 7 10 12 14 15) *11
Jan 21 01:10:02 localhost kernel: [    0.279814] ACPI: PCI Interrupt Link [LNKH] (IRQs 1 3 4 5 6 7 *11 12 14 15)
Jan 21 01:10:02 localhost kernel: [    0.279900] vgaarb: device added: PCI:0000:01:00.0,decodes=io+mem,owns=io+mem,locks=none
Jan 21 01:10:02 localhost kernel: [    0.279903] vgaarb: loaded
Jan 21 01:10:02 localhost kernel: [    0.279904] vgaarb: bridge control possible 0000:01:00.0
Jan 21 01:10:02 localhost kernel: [    0.279980] SCSI subsystem initialized
Jan 21 01:10:02 localhost kernel: [    0.279982] ACPI: bus type scsi registered
Jan 21 01:10:02 localhost kernel: [    0.280038] ACPI: bus type usb registered
Jan 21 01:10:02 localhost kernel: [    0.280055] usbcore: registered new interface driver usbfs
Jan 21 01:10:02 localhost kernel: [    0.280062] usbcore: registered new interface driver hub
Jan 21 01:10:02 localhost kernel: [    0.280083] usbcore: registered new device driver usb
Jan 21 01:10:02 localhost kernel: [    0.280135] PCI: Using ACPI for IRQ routing
Jan 21 01:10:02 localhost kernel: [    0.290086] NetLabel: Initializing
Jan 21 01:10:02 localhost kernel: [    0.290088] NetLabel:  domain hash size = 128
Jan 21 01:10:02 localhost kernel: [    0.290088] NetLabel:  protocols = UNLABELED CIPSOv4
Jan 21 01:10:02 localhost kernel: [    0.290098] NetLabel:  unlabeled traffic allowed by default
Jan 21 01:10:02 localhost kernel: [    0.290146] hpet0: at MMIO 0xfed00000, IRQs 2, 8, 0, 0, 0, 0, 0, 0
Jan 21 01:10:02 localhost kernel: [    0.290151] hpet0: 8 comparators, 64-bit 14.318180 MHz counter
Jan 21 01:10:02 localhost kernel: [    0.292166] Switching to clocksource hpet
Jan 21 01:10:02 localhost kernel: [    0.297498] pnp: PnP ACPI init
Jan 21 01:10:02 localhost kernel: [    0.297518] ACPI: bus type pnp registered
Jan 21 01:10:02 localhost kernel: [    0.298221] system 00:05: [io  0x0680-0x069f] has been reserved
Jan 21 01:10:02 localhost kernel: [    0.298224] system 00:05: [io  0x0500-0x050f] has been reserved
Jan 21 01:10:02 localhost kernel: [    0.298226] system 00:05: [io  0x0600-0x0603] has been reserved
Jan 21 01:10:02 localhost kernel: [    0.298228] system 00:05: [io  0xffff] has been reserved
Jan 21 01:10:02 localhost kernel: [    0.298230] system 00:05: [io  0x0400-0x047f] has been reserved
Jan 21 01:10:02 localhost kernel: [    0.298232] system 00:05: [io  0x1180-0x11ff] has been reserved
Jan 21 01:10:02 localhost kernel: [    0.298234] system 00:05: [io  0x1600-0x16fe] has been reserved
Jan 21 01:10:02 localhost kernel: [    0.298236] system 00:05: [io  0xfe00] has been reserved
Jan 21 01:10:02 localhost kernel: [    0.298238] system 00:05: [io  0x0700-0x070f] has been reserved
Jan 21 01:10:02 localhost kernel: [    0.298295] system 00:06: [io  0x06a0-0x06af] has been reserved
Jan 21 01:10:02 localhost kernel: [    0.298297] system 00:06: [io  0x06b0-0x06ff] has been reserved
Jan 21 01:10:02 localhost kernel: [    0.298736] system 00:0a: [mem 0xfed1c000-0xfed1ffff] has been reserved
Jan 21 01:10:02 localhost kernel: [    0.298738] system 00:0a: [mem 0xfed10000-0xfed13fff] has been reserved
Jan 21 01:10:02 localhost kernel: [    0.298740] system 00:0a: [mem 0xfed18000-0xfed18fff] has been reserved
Jan 21 01:10:02 localhost kernel: [    0.298742] system 00:0a: [mem 0xfed19000-0xfed19fff] has been reserved
Jan 21 01:10:02 localhost kernel: [    0.298744] system 00:0a: [mem 0xe0000000-0xefffffff] has been reserved
Jan 21 01:10:02 localhost kernel: [    0.298746] system 00:0a: [mem 0xf080a000-0xf080afff] has been reserved
Jan 21 01:10:02 localhost kernel: [    0.298748] system 00:0a: [mem 0xfeaff000-0xfeafffff] has been reserved
Jan 21 01:10:02 localhost kernel: [    0.298751] system 00:0a: [mem 0xfed20000-0xfed3ffff] has been reserved
Jan 21 01:10:02 localhost kernel: [    0.298753] system 00:0a: [mem 0xfed40000-0xfed44fff] has been reserved
Jan 21 01:10:02 localhost kernel: [    0.298755] system 00:0a: [mem 0xfed45000-0xfed8ffff] has been reserved
Jan 21 01:10:02 localhost kernel: [    0.298757] system 00:0a: [mem 0xff000000-0xffffffff] has been reserved
Jan 21 01:10:02 localhost kernel: [    0.298759] system 00:0a: [mem 0xfee00000-0xfeefffff] could not be reserved
Jan 21 01:10:02 localhost kernel: [    0.299467] pnp: PnP ACPI: found 12 devices
Jan 21 01:10:02 localhost kernel: [    0.299470] ACPI: ACPI bus type pnp unregistered
Jan 21 01:10:02 localhost kernel: [    0.306105] pci 0000:00:1c.0: BAR 14: assigned [mem 0xf0600000-0xf07fffff]
Jan 21 01:10:02 localhost kernel: [    0.306109] pci 0000:00:1c.0: BAR 15: assigned [mem 0xf0900000-0xf0afffff 64bit pref]
Jan 21 01:10:02 localhost kernel: [    0.306112] pci 0000:00:1c.1: BAR 15: assigned [mem 0xf0b00000-0xf0cfffff 64bit pref]
Jan 21 01:10:02 localhost kernel: [    0.306115] pci 0000:00:1c.2: BAR 14: assigned [mem 0xf0d00000-0xf0efffff]
Jan 21 01:10:02 localhost kernel: [    0.306119] pci 0000:00:1c.2: BAR 15: assigned [mem 0xf0f00000-0xf10fffff 64bit pref]
Jan 21 01:10:02 localhost kernel: [    0.306122] pci 0000:00:1c.4: BAR 14: assigned [mem 0xf1100000-0xf12fffff]
Jan 21 01:10:02 localhost kernel: [    0.306125] pci 0000:00:1c.4: BAR 15: assigned [mem 0xf1300000-0xf14fffff 64bit pref]
Jan 21 01:10:02 localhost kernel: [    0.306129] pci 0000:00:1c.5: BAR 14: assigned [mem 0xf1500000-0xf19fffff]
Jan 21 01:10:02 localhost kernel: [    0.306132] pci 0000:00:1c.0: BAR 13: assigned [io  0x5000-0x5fff]
Jan 21 01:10:02 localhost kernel: [    0.306134] pci 0000:00:1c.1: BAR 13: assigned [io  0x6000-0x6fff]
Jan 21 01:10:02 localhost kernel: [    0.306137] pci 0000:00:1c.2: BAR 13: assigned [io  0x7000-0x7fff]
Jan 21 01:10:02 localhost kernel: [    0.306139] pci 0000:00:1c.4: BAR 13: assigned [io  0x8000-0x8fff]
Jan 21 01:10:02 localhost kernel: [    0.306144] pci 0000:01:00.0: BAR 6: assigned [mem 0xf0320000-0xf033ffff pref]
Jan 21 01:10:02 localhost kernel: [    0.306148] pci 0000:00:01.0: PCI bridge to [bus 01]
Jan 21 01:10:02 localhost kernel: [    0.306150] pci 0000:00:01.0:   bridge window [io  0x2000-0x2fff]
Jan 21 01:10:02 localhost kernel: [    0.306163] pci 0000:00:01.0:   bridge window [mem 0xf0300000-0xf03fffff]
Jan 21 01:10:02 localhost kernel: [    0.306167] pci 0000:00:01.0:   bridge window [mem 0xc0000000-0xdfffffff 64bit pref]
Jan 21 01:10:02 localhost kernel: [    0.306171] pci 0000:00:1c.0: PCI bridge to [bus 02]
Jan 21 01:10:02 localhost kernel: [    0.306174] pci 0000:00:1c.0:   bridge window [io  0x5000-0x5fff]
Jan 21 01:10:02 localhost kernel: [    0.306181] pci 0000:00:1c.0:   bridge window [mem 0xf0600000-0xf07fffff]
Jan 21 01:10:02 localhost kernel: [    0.306185] pci 0000:00:1c.0:   bridge window [mem 0xf0900000-0xf0afffff 64bit pref]
Jan 21 01:10:02 localhost kernel: [    0.306193] pci 0000:00:1c.1: PCI bridge to [bus 03]
Jan 21 01:10:02 localhost kernel: [    0.306196] pci 0000:00:1c.1:   bridge window [io  0x6000-0x6fff]
Jan 21 01:10:02 localhost kernel: [    0.306202] pci 0000:00:1c.1:   bridge window [mem 0xf0500000-0xf05fffff]
Jan 21 01:10:02 localhost kernel: [    0.306207] pci 0000:00:1c.1:   bridge window [mem 0xf0b00000-0xf0cfffff 64bit pref]
Jan 21 01:10:02 localhost kernel: [    0.306214] pci 0000:00:1c.2: PCI bridge to [bus 04]
Jan 21 01:10:02 localhost kernel: [    0.306218] pci 0000:00:1c.2:   bridge window [io  0x7000-0x7fff]
Jan 21 01:10:02 localhost kernel: [    0.306224] pci 0000:00:1c.2:   bridge window [mem 0xf0d00000-0xf0efffff]
Jan 21 01:10:02 localhost kernel: [    0.306228] pci 0000:00:1c.2:   bridge window [mem 0xf0f00000-0xf10fffff 64bit pref]
Jan 21 01:10:02 localhost kernel: [    0.306236] pci 0000:00:1c.3: PCI bridge to [bus 05-07]
Jan 21 01:10:02 localhost kernel: [    0.306239] pci 0000:00:1c.3:   bridge window [io  0x3000-0x3fff]
Jan 21 01:10:02 localhost kernel: [    0.306245] pci 0000:00:1c.3:   bridge window [mem 0xf0400000-0xf04fffff]
Jan 21 01:10:02 localhost kernel: [    0.306250] pci 0000:00:1c.3:   bridge window [mem 0xf0000000-0xf01fffff 64bit pref]
Jan 21 01:10:02 localhost kernel: [    0.306257] pci 0000:00:1c.4: PCI bridge to [bus 08]
Jan 21 01:10:02 localhost kernel: [    0.306260] pci 0000:00:1c.4:   bridge window [io  0x8000-0x8fff]
Jan 21 01:10:02 localhost kernel: [    0.306266] pci 0000:00:1c.4:   bridge window [mem 0xf1100000-0xf12fffff]
Jan 21 01:10:02 localhost kernel: [    0.306271] pci 0000:00:1c.4:   bridge window [mem 0xf1300000-0xf14fffff 64bit pref]
Jan 21 01:10:02 localhost kernel: [    0.306279] pci 0000:09:00.0: BAR 6: assigned [mem 0xf0220000-0xf023ffff pref]
Jan 21 01:10:02 localhost kernel: [    0.306281] pci 0000:00:1c.5: PCI bridge to [bus 09]
Jan 21 01:10:02 localhost kernel: [    0.306284] pci 0000:00:1c.5:   bridge window [io  0x4000-0x4fff]
Jan 21 01:10:02 localhost kernel: [    0.306290] pci 0000:00:1c.5:   bridge window [mem 0xf1500000-0xf19fffff]
Jan 21 01:10:02 localhost kernel: [    0.306295] pci 0000:00:1c.5:   bridge window [mem 0xf0200000-0xf02fffff 64bit pref]
Jan 21 01:10:02 localhost kernel: [    0.306302] pci 0000:00:1e.0: PCI bridge to [bus 0c]
Jan 21 01:10:02 localhost kernel: [    0.306481] NET: Registered protocol family 2
Jan 21 01:10:02 localhost kernel: [    0.307208] TCP established hash table entries: 524288 (order: 11, 8388608 bytes)
Jan 21 01:10:02 localhost kernel: [    0.308860] TCP bind hash table entries: 65536 (order: 8, 1048576 bytes)
Jan 21 01:10:02 localhost kernel: [    0.309066] TCP: Hash tables configured (established 524288 bind 65536)
Jan 21 01:10:02 localhost kernel: [    0.309105] TCP: reno registered
Jan 21 01:10:02 localhost kernel: [    0.309121] UDP hash table entries: 4096 (order: 5, 131072 bytes)
Jan 21 01:10:02 localhost kernel: [    0.309183] UDP-Lite hash table entries: 4096 (order: 5, 131072 bytes)
Jan 21 01:10:02 localhost kernel: [    0.309293] NET: Registered protocol family 1
Jan 21 01:10:02 localhost kernel: [    0.309507] Unpacking initramfs...
Jan 21 01:10:02 localhost kernel: [    0.674274] Freeing initrd memory: 19968k freed
Jan 21 01:10:02 localhost kernel: [    0.678968] PCI-DMA: Using software bounce buffering for IO (SWIOTLB)
Jan 21 01:10:02 localhost kernel: [    0.678976] software IO TLB [mem 0xbb27c000-0xbf27bfff] (64MB) mapped at [ffff8800bb27c000-ffff8800bf27bfff]
Jan 21 01:10:02 localhost kernel: [    0.679025] Simple Boot Flag at 0x36 set to 0x1
Jan 21 01:10:02 localhost kernel: [    0.679670] Initialise module verification
Jan 21 01:10:02 localhost kernel: [    0.679713] audit: initializing netlink socket (disabled)
Jan 21 01:10:02 localhost kernel: [    0.679728] type=2000 audit(1358730568.552:1): initialized
Jan 21 01:10:02 localhost kernel: [    0.704363] HugeTLB registered 2 MB page size, pre-allocated 0 pages
Jan 21 01:10:02 localhost kernel: [    0.705877] VFS: Disk quotas dquot_6.5.2
Jan 21 01:10:02 localhost kernel: [    0.705921] Dquot-cache hash table entries: 512 (order 0, 4096 bytes)
Jan 21 01:10:02 localhost kernel: [    0.706308] msgmni has been set to 15687
Jan 21 01:10:02 localhost kernel: [    0.707030] alg: No test for stdrng (krng)
Jan 21 01:10:02 localhost kernel: [    0.707043] NET: Registered protocol family 38
Jan 21 01:10:02 localhost kernel: [    0.707046] Key type asymmetric registered
Jan 21 01:10:02 localhost kernel: [    0.707048] Asymmetric key parser 'x509' registered
Jan 21 01:10:02 localhost kernel: [    0.707080] Block layer SCSI generic (bsg) driver version 0.4 loaded (major 252)
Jan 21 01:10:02 localhost kernel: [    0.707111] io scheduler noop registered
Jan 21 01:10:02 localhost kernel: [    0.707112] io scheduler deadline registered
Jan 21 01:10:02 localhost kernel: [    0.707122] io scheduler cfq registered (default)
Jan 21 01:10:02 localhost kernel: [    0.707599] pci_hotplug: PCI Hot Plug PCI Core version: 0.5
Jan 21 01:10:02 localhost kernel: [    0.707614] pciehp: PCI Express Hot Plug Controller Driver version: 0.4
Jan 21 01:10:02 localhost kernel: [    0.707616] acpiphp: ACPI Hot Plug PCI Controller Driver version: 0.5
Jan 21 01:10:02 localhost kernel: [    0.930810] ACPI: AC Adapter [ACAD] (on-line)
Jan 21 01:10:02 localhost kernel: [    0.930888] input: Lid Switch as /devices/LNXSYSTM:00/LNXSYBUS:00/PNP0C0D:00/input/input0
Jan 21 01:10:02 localhost kernel: [    0.931427] ACPI: Lid Switch [LID]
Jan 21 01:10:02 localhost kernel: [    0.931462] input: Power Button as /devices/LNXSYSTM:00/LNXSYBUS:00/PNP0C0C:00/input/input1
Jan 21 01:10:02 localhost kernel: [    0.931466] ACPI: Power Button [PWRB]
Jan 21 01:10:02 localhost kernel: [    0.931493] input: Power Button as /devices/LNXSYSTM:00/LNXPWRBN:00/input/input2
Jan 21 01:10:02 localhost kernel: [    0.931495] ACPI: Power Button [PWRF]
Jan 21 01:10:02 localhost kernel: [    0.931666] ACPI: Requesting acpi_cpufreq
Jan 21 01:10:02 localhost kernel: [    1.444755] thermal LNXTHERM:00: registered as thermal_zone0
Jan 21 01:10:02 localhost kernel: [    1.444758] ACPI: Thermal Zone [TZ00] (71 C)
Jan 21 01:10:02 localhost kernel: [    1.444779] GHES: HEST is not enabled!
Jan 21 01:10:02 localhost kernel: [    1.444859] Serial: 8250/16550 driver, 4 ports, IRQ sharing enabled
Jan 21 01:10:02 localhost kernel: [    1.445459] Non-volatile memory driver v1.3
Jan 21 01:10:02 localhost kernel: [    1.445461] Linux agpgart interface v0.103
Jan 21 01:10:02 localhost kernel: [    1.446484] loop: module loaded
Jan 21 01:10:02 localhost kernel: [    1.446674] ahci: SSS flag set, parallel bus scan disabled
Jan 21 01:10:02 localhost kernel: [    1.446747] ahci 0000:00:1f.2: AHCI 0001.0300 32 slots 4 ports 3 Gbps 0x33 impl SATA mode
Jan 21 01:10:02 localhost kernel: [    1.446751] ahci 0000:00:1f.2: flags: 64bit ncq sntf ilck stag pm led clo pio slum part ems sxs apst 
Jan 21 01:10:02 localhost kernel: [    1.454602] scsi0 : ahci
Jan 21 01:10:02 localhost kernel: [    1.454673] scsi1 : ahci
Jan 21 01:10:02 localhost kernel: [    1.454729] scsi2 : ahci
Jan 21 01:10:02 localhost kernel: [    1.454787] scsi3 : ahci
Jan 21 01:10:02 localhost kernel: [    1.454841] scsi4 : ahci
Jan 21 01:10:02 localhost kernel: [    1.454897] scsi5 : ahci
Jan 21 01:10:02 localhost kernel: [    1.454929] ata1: SATA max UDMA/133 abar m2048@0xf0808000 port 0xf0808100 irq 41
Jan 21 01:10:02 localhost kernel: [    1.454932] ata2: SATA max UDMA/133 abar m2048@0xf0808000 port 0xf0808180 irq 41
Jan 21 01:10:02 localhost kernel: [    1.454933] ata3: DUMMY
Jan 21 01:10:02 localhost kernel: [    1.454934] ata4: DUMMY
Jan 21 01:10:02 localhost kernel: [    1.454937] ata5: SATA max UDMA/133 abar m2048@0xf0808000 port 0xf0808300 irq 41
Jan 21 01:10:02 localhost kernel: [    1.454939] ata6: SATA max UDMA/133 abar m2048@0xf0808000 port 0xf0808380 irq 41
Jan 21 01:10:02 localhost kernel: [    1.455018] libphy: Fixed MDIO Bus: probed
Jan 21 01:10:02 localhost kernel: [    1.455080] ehci_hcd: USB 2.0 'Enhanced' Host Controller (EHCI) Driver
Jan 21 01:10:02 localhost kernel: [    1.455119] ehci_hcd 0000:00:1a.0: EHCI Host Controller
Jan 21 01:10:02 localhost kernel: [    1.455163] ehci_hcd 0000:00:1a.0: new USB bus registered, assigned bus number 1
Jan 21 01:10:02 localhost kernel: [    1.459120] ehci_hcd 0000:00:1a.0: debug port 2
Jan 21 01:10:02 localhost kernel: [    1.459149] ehci_hcd 0000:00:1a.0: irq 16, io mem 0xf0806000
Jan 21 01:10:02 localhost kernel: [    1.464209] ehci_hcd 0000:00:1a.0: USB 2.0 started, EHCI 1.00
Jan 21 01:10:02 localhost kernel: [    1.464229] usb usb1: New USB device found, idVendor=1d6b, idProduct=0002
Jan 21 01:10:02 localhost kernel: [    1.464231] usb usb1: New USB device strings: Mfr=3, Product=2, SerialNumber=1
Jan 21 01:10:02 localhost kernel: [    1.464233] usb usb1: Product: EHCI Host Controller
Jan 21 01:10:02 localhost kernel: [    1.464235] usb usb1: Manufacturer: Linux 3.7.2-201.fc18.x86_64 ehci_hcd
Jan 21 01:10:02 localhost kernel: [    1.464236] usb usb1: SerialNumber: 0000:00:1a.0
Jan 21 01:10:02 localhost kernel: [    1.464339] hub 1-0:1.0: USB hub found
Jan 21 01:10:02 localhost kernel: [    1.464344] hub 1-0:1.0: 3 ports detected
Jan 21 01:10:02 localhost kernel: [    1.464458] ehci_hcd 0000:00:1d.0: EHCI Host Controller
Jan 21 01:10:02 localhost kernel: [    1.464498] ehci_hcd 0000:00:1d.0: new USB bus registered, assigned bus number 2
Jan 21 01:10:02 localhost kernel: [    1.468426] ehci_hcd 0000:00:1d.0: debug port 2
Jan 21 01:10:02 localhost kernel: [    1.468460] ehci_hcd 0000:00:1d.0: irq 23, io mem 0xf0807000
Jan 21 01:10:02 localhost kernel: [    1.474215] ehci_hcd 0000:00:1d.0: USB 2.0 started, EHCI 1.00
Jan 21 01:10:02 localhost kernel: [    1.474240] usb usb2: New USB device found, idVendor=1d6b, idProduct=0002
Jan 21 01:10:02 localhost kernel: [    1.474242] usb usb2: New USB device strings: Mfr=3, Product=2, SerialNumber=1
Jan 21 01:10:02 localhost kernel: [    1.474244] usb usb2: Product: EHCI Host Controller
Jan 21 01:10:02 localhost kernel: [    1.474246] usb usb2: Manufacturer: Linux 3.7.2-201.fc18.x86_64 ehci_hcd
Jan 21 01:10:02 localhost kernel: [    1.474247] usb usb2: SerialNumber: 0000:00:1d.0
Jan 21 01:10:02 localhost kernel: [    1.474336] hub 2-0:1.0: USB hub found
Jan 21 01:10:02 localhost kernel: [    1.474340] hub 2-0:1.0: 3 ports detected
Jan 21 01:10:02 localhost kernel: [    1.474426] ohci_hcd: USB 1.1 'Open' Host Controller (OHCI) Driver
Jan 21 01:10:02 localhost kernel: [    1.474437] uhci_hcd: USB Universal Host Controller Interface driver
Jan 21 01:10:02 localhost kernel: [    1.474481] usbcore: registered new interface driver usbserial
Jan 21 01:10:02 localhost kernel: [    1.474488] usbcore: registered new interface driver usbserial_generic
Jan 21 01:10:02 localhost kernel: [    1.474494] usbserial: USB Serial support registered for generic
Jan 21 01:10:02 localhost kernel: [    1.474526] i8042: PNP: PS/2 Controller [PNP0303:PS2K,PNP0f13:PS2M] at 0x60,0x64 irq 1,12
Jan 21 01:10:02 localhost kernel: [    1.513510] i8042: Detected active multiplexing controller, rev 1.1
Jan 21 01:10:02 localhost kernel: [    1.530824] serio: i8042 KBD port at 0x60,0x64 irq 1
Jan 21 01:10:02 localhost kernel: [    1.530829] serio: i8042 AUX0 port at 0x60,0x64 irq 12
Jan 21 01:10:02 localhost kernel: [    1.530850] serio: i8042 AUX1 port at 0x60,0x64 irq 12
Jan 21 01:10:02 localhost kernel: [    1.530867] serio: i8042 AUX2 port at 0x60,0x64 irq 12
Jan 21 01:10:02 localhost kernel: [    1.530881] serio: i8042 AUX3 port at 0x60,0x64 irq 12
Jan 21 01:10:02 localhost kernel: [    1.530950] mousedev: PS/2 mouse device common for all mice
Jan 21 01:10:02 localhost kernel: [    1.531221] rtc_cmos 00:07: RTC can wake from S4
Jan 21 01:10:02 localhost kernel: [    1.531432] rtc_cmos 00:07: rtc core: registered rtc_cmos as rtc0
Jan 21 01:10:02 localhost kernel: [    1.531486] rtc0: alarms up to one month, y3k, 242 bytes nvram, hpet irqs
Jan 21 01:10:02 localhost kernel: [    1.531593] device-mapper: uevent: version 1.0.3
Jan 21 01:10:02 localhost kernel: [    1.531661] device-mapper: ioctl: 4.23.0-ioctl (2012-07-25) initialised: dm-devel@redhat.com
Jan 21 01:10:02 localhost kernel: [    1.531829] cpuidle: using governor ladder
Jan 21 01:10:02 localhost kernel: [    1.531896] cpuidle: using governor menu
Jan 21 01:10:02 localhost kernel: [    1.532273] EFI Variables Facility v0.08 2004-May-17
Jan 21 01:10:02 localhost kernel: [    1.532468] usbcore: registered new interface driver usbhid
Jan 21 01:10:02 localhost kernel: [    1.532471] usbhid: USB HID core driver
Jan 21 01:10:02 localhost kernel: [    1.532520] drop_monitor: Initializing network drop monitor service
Jan 21 01:10:02 localhost kernel: [    1.532686] ip_tables: (C) 2000-2006 Netfilter Core Team
Jan 21 01:10:02 localhost kernel: [    1.532813] TCP: cubic registered
Jan 21 01:10:02 localhost kernel: [    1.532818] Initializing XFRM netlink socket
Jan 21 01:10:02 localhost kernel: [    1.533061] NET: Registered protocol family 10
Jan 21 01:10:02 localhost kernel: [    1.533411] mip6: Mobile IPv6
Jan 21 01:10:02 localhost kernel: [    1.533416] NET: Registered protocol family 17
Jan 21 01:10:02 localhost kernel: [    1.533961] Loading module verification certificates
Jan 21 01:10:02 localhost kernel: [    1.536744] MODSIGN: Loaded cert 'Fedora kernel signing key: ca38da91c69c0503182ad16b4778e74c14e75765'
Jan 21 01:10:02 localhost kernel: [    1.536770] registered taskstats version 1
Jan 21 01:10:02 localhost kernel: [    1.538045]   Magic number: 13:265:155
Jan 21 01:10:02 localhost kernel: [    1.538133] acpi device:22: hash matches
Jan 21 01:10:02 localhost kernel: [    1.538239] rtc_cmos 00:07: setting system clock to 2013-01-21 01:09:30 UTC (1358730570)
Jan 21 01:10:02 localhost kernel: [    1.550933] ACPI: Battery Slot [BAT1] (battery present)
Jan 21 01:10:02 localhost kernel: [    1.582054] input: AT Translated Set 2 keyboard as /devices/platform/i8042/serio0/input/input3
Jan 21 01:10:02 localhost kernel: [    1.678842] tsc: Refined TSC clocksource calibration: 2393.983 MHz
Jan 21 01:10:02 localhost kernel: [    1.678852] Switching to clocksource tsc
